utc_start=2026-08-04T13:11:55Z
command=bash run/evidence/C-007/reproduce.sh
purpose=independent-clean-process-reproduction
This version of µWS is not compatible with your Node.js build:

Error: Cannot find module '../binaries/uws_linux_x64_137.node'
Require stack:
- /tmp/aim-blind-hunt-75d19f5c.XA7jKe/target/node_modules/ganache/node_modules/@trufflesuite/uws-js-unofficial/src/uws.js
- /tmp/aim-blind-hunt-75d19f5c.XA7jKe/target/node_modules/ganache/dist/node/core.js
Falling back to a NodeJS implementation; performance may be degraded.


{"oracle":"C-007-positive","sharedNonce":"7","chain10Credit":"1000000000000000000","chain20Credit":"0","secondValidMessageRejected":true}
✔ positive: a valid nonce on one configured source chain blocks the same nonce on another (3262.343035ms)
{"oracle":"C-007-negative","chainScopedNonce":"7","chain10Credit":"1000000000000000000","chain20Credit":"2000000000000000000"}
✔ negative comparator: chain-scoped replay keys accept both valid messages (571.240889ms)
ℹ tests 2
ℹ suites 0
ℹ pass 2
ℹ fail 0
ℹ cancelled 0
ℹ skipped 0
ℹ todo 0
ℹ duration_ms 4579.635676
exit=0
utc_end=2026-08-04T13:12:00Z
