utc_start=2026-08-04T13:08:52Z
command=bash run/evidence/C-004/reproduce.sh
purpose=independent-clean-process-reproduction
This version of µWS is not compatible with your Node.js build:

Error: Cannot find module '../binaries/uws_linux_x64_137.node'
Require stack:
- /tmp/aim-blind-hunt-75d19f5c.XA7jKe/target/node_modules/ganache/node_modules/@trufflesuite/uws-js-unofficial/src/uws.js
- /tmp/aim-blind-hunt-75d19f5c.XA7jKe/target/node_modules/ganache/dist/node/core.js
Falling back to a NodeJS implementation; performance may be degraded.


{"oracle":"C-004-positive","samePayload":"0x308852bcf892f3adc93f060e3c77f19d160d5d88b57ea008f22c3929eed261af","canonicalId":"0x1b8517d422e635d690d60256387336a0ecd223b15516cd588de3e060dc8350ef","alternateId":"0x19b3f8e5bc61be99e6da0470e7d549ac5038a2dfd1a06b45d88482b8c80d8545","authorizedAmount":"20000000000000000000","paid":"40000000000000000000"}
✔ positive: high-s alternate encoding bypasses signature-byte replay tracking (2650.330497ms)
{"oracle":"C-004-negative","identicalReplayRejected":true,"authorizedAmount":"20000000000000000000","paid":"20000000000000000000"}
✔ negative: byte-identical replay is rejected and pays only once (225.669672ms)
ℹ tests 2
ℹ suites 0
ℹ pass 2
ℹ fail 0
ℹ cancelled 0
ℹ skipped 0
ℹ todo 0
ℹ duration_ms 3615.511821
exit=0
utc_end=2026-08-04T13:08:56Z
