$ git diff --name-only a3ba6036d5c7b7902f775fd80ef4a6eccdf7c63f -- benchmarks/perps-blind-generalization
cwd=/workspace/scratch/c3ce389a9ee1/Aim-for-the-head
exit=0

benchmarks/perps-blind-generalization/scoring/consensus/DISAGREEMENT_ADJUDICATION.md
benchmarks/perps-blind-generalization/scoring/consensus/GENERALIZATION_STUDY.md
benchmarks/perps-blind-generalization/scoring/consensus/HASHES.sha256
benchmarks/perps-blind-generalization/scoring/consensus/MATCH_MATRIX.json
benchmarks/perps-blind-generalization/scoring/consensus/MATCH_MATRIX.md
benchmarks/perps-blind-generalization/scoring/consensus/RESULTS.md
benchmarks/perps-blind-generalization/scoring/consensus/build-final-score.mjs
benchmarks/perps-blind-generalization/scoring/consensus/build-hashes.mjs
benchmarks/perps-blind-generalization/scoring/consensus/check-final-score.mjs
benchmarks/perps-blind-generalization/scoring/consensus/discrimination.test.mjs
benchmarks/perps-blind-generalization/scoring/consensus/final-score.json
benchmarks/perps-blind-generalization/scoring/consensus/input-hashes.sha256
benchmarks/perps-blind-generalization/scoring/consensus/logs/candidate-AFH-001.log
benchmarks/perps-blind-generalization/scoring/consensus/logs/candidate-AFH-002.log
benchmarks/perps-blind-generalization/scoring/consensus/logs/candidate-AFH-003.log
benchmarks/perps-blind-generalization/scoring/consensus/logs/candidate-AFH-004.log
benchmarks/perps-blind-generalization/scoring/consensus/logs/candidate-AFH-005.log
benchmarks/perps-blind-generalization/scoring/consensus/logs/candidate-AFH-006.log
benchmarks/perps-blind-generalization/scoring/consensus/logs/candidate-AFH-007.log
benchmarks/perps-blind-generalization/scoring/consensus/logs/candidate-AFH-008.log
benchmarks/perps-blind-generalization/scoring/consensus/logs/candidate-AFH-009.log
benchmarks/perps-blind-generalization/scoring/consensus/logs/candidate-AFH-010.log
benchmarks/perps-blind-generalization/scoring/consensus/logs/candidate-AFH-011.log
benchmarks/perps-blind-generalization/scoring/consensus/logs/candidate-AFH-012.log
benchmarks/perps-blind-generalization/scoring/consensus/logs/candidate-AFH-013.log
benchmarks/perps-blind-generalization/scoring/consensus/logs/candidate-AFH-014.log
benchmarks/perps-blind-generalization/scoring/consensus/logs/candidate-AFH-015.log
benchmarks/perps-blind-generalization/scoring/consensus/logs/candidate-AFH-016.log
benchmarks/perps-blind-generalization/scoring/consensus/logs/candidate-AFH-017.log
benchmarks/perps-blind-generalization/scoring/consensus/logs/candidate-AFH-018.log
benchmarks/perps-blind-generalization/scoring/consensus/logs/candidate-AFH-019.log
benchmarks/perps-blind-generalization/scoring/consensus/logs/candidate-AFH-020.log
benchmarks/perps-blind-generalization/scoring/consensus/logs/candidate-AFH-021.log
benchmarks/perps-blind-generalization/scoring/consensus/logs/candidate-AFH-022.log
benchmarks/perps-blind-generalization/scoring/consensus/logs/candidate-AFH-023.log
benchmarks/perps-blind-generalization/scoring/consensus/logs/candidate-AFH-024.log
benchmarks/perps-blind-generalization/scoring/consensus/logs/candidate-AFH-025.log
benchmarks/perps-blind-generalization/scoring/consensus/logs/discrimination-MCB-006-AFH-008-survivor.log
benchmarks/perps-blind-generalization/scoring/consensus/logs/discrimination-MCB-006-compile.log
benchmarks/perps-blind-generalization/scoring/consensus/logs/discrimination-MCB-015-AFH-012-survivor.log
benchmarks/perps-blind-generalization/scoring/consensus/logs/discrimination-MCB-015-compile.log
benchmarks/perps-blind-generalization/scoring/consensus/logs/discrimination-direct-attempt-1.log
benchmarks/perps-blind-generalization/scoring/consensus/logs/discrimination-direct-attempt-2.log
benchmarks/perps-blind-generalization/scoring/consensus/logs/discrimination-direct-attempt-3.log
benchmarks/perps-blind-generalization/scoring/consensus/logs/terminal-discrimination.log
benchmarks/perps-blind-generalization/scoring/consensus/logs/terminal-final-checker-prehash.log
benchmarks/perps-blind-generalization/scoring/consensus/logs/terminal-head.log
benchmarks/perps-blind-generalization/scoring/consensus/logs/terminal-hidden.log
benchmarks/perps-blind-generalization/scoring/consensus/logs/terminal-input-immutability.log
benchmarks/perps-blind-generalization/scoring/consensus/logs/terminal-manifest.log
benchmarks/perps-blind-generalization/scoring/consensus/logs/terminal-ordinary.log
benchmarks/perps-blind-generalization/scoring/consensus/logs/terminal-path-scope.log
benchmarks/perps-blind-generalization/scoring/consensus/logs/terminal-reveal.log
benchmarks/perps-blind-generalization/scoring/consensus/logs/terminal-seal.log
benchmarks/perps-blind-generalization/scoring/consensus/rerun-summary.json
benchmarks/perps-blind-generalization/scoring/consensus/run-reruns.mjs
benchmarks/perps-blind-generalization/scoring/consensus/terminal-verification.json
benchmarks/perps-blind-generalization/scoring/consensus/terminal-verify.mjs

