utc_start=2026-08-04T13:06:47Z
command=bash run/evidence/C-002/reproduce.sh
node=v24.14.0 solc=0.8.30 optimizer=200 evm=paris ganache=7.9.2 chain=31337
This version of µWS is not compatible with your Node.js build:

Error: Cannot find module '../binaries/uws_linux_x64_137.node'
Require stack:
- /tmp/aim-blind-hunt-75d19f5c.XA7jKe/target/node_modules/ganache/node_modules/@trufflesuite/uws-js-unofficial/src/uws.js
- /tmp/aim-blind-hunt-75d19f5c.XA7jKe/target/node_modules/ganache/dist/node/core.js
Falling back to a NodeJS implementation; performance may be degraded.


{"oracle":"C-002-positive","configuredRemote":"0x22d491Bde2303f2f43325b2108D26f1eAbA1e32b","actualRemote":"0xE11BA2b4D45Eaed5996Cd0823791E0C93114882d","bridgeCollateral":"1000000000000000000000","attackerStable":"750000000000000000000"}
✔ positive: authentic messenger relay from an unconfigured remote application creates spendable collateral (3341.092156ms)
✖ negative comparator: binding messenger source sender to configured gateway rejects the same message (434.876499ms)
ℹ tests 2
ℹ suites 0
ℹ pass 1
ℹ fail 1
ℹ cancelled 0
ℹ skipped 0
ℹ todo 0
ℹ duration_ms 4512.949165

✖ failing tests:

test at run/evidence/C-002/repro.test.mjs:92:1
✖ negative comparator: binding messenger source sender to configured gateway rejects the same message (434.876499ms)
  Error: Expected revert containing REMOTE_GATEWAY, received missing revert data missing revert data (action="estimateGas", data=null, reason=null, transaction={ "data": "0x0dd08e1d00000000000000000000000059d3631c86bbe35ef041872d502f218a39fba150000000000000000000000000000000000000000000000000000000000000000a000000000000000000000000e11ba2b4d45eaed5996cd0823791e0c93114882d00000000000000000000000000000000000000000000000000000000000000800000000000000000000000000000000000000000000000000000000000000084a7255ae5000000000000000000000000000000000000000000000000000000000000000a0000000000000000000000000000000000000000000000000000000000000029000000000000000000000000ffcf8fdee72ac11b5c542428b35eef5769c409f000000000000000000000000000000000000000000000003635c9adc5dea0000000000000000000000000000000000000000000000000000000000000", "from": "0x90F8bf6A479f320ead074411a4B0e7944Ea8c9C1", "to": "0xe982E462b094850F12AF94d21D470e21bE9D0E9C" }, invocation=null, revert=null, code=CALL_EXCEPTION, version=6.15.0)
      at expectRevert (file:///tmp/aim-blind-hunt-75d19f5c.XA7jKe/target/test/support.mjs:41:53)
      at async TestContext.<anonymous> (file:///tmp/aim-blind-hunt-75d19f5c.XA7jKe/target/run/evidence/C-002/repro.test.mjs:98:3)
      at async Test.run (node:internal/test_runner/test:1125:7)
      at async Test.processPendingSubtests (node:internal/test_runner/test:787:7)
exit=1
utc_end=2026-08-04T13:06:52Z
