started=2026-08-04T20:37:42.942Z
attempt=1
command=node --test --test-concurrency=1 --test-name-pattern=C-011 blind-review/consensus/adjudication.test.mjs
exit=0
--- stdout ---
This version of µWS is not compatible with your Node.js build:

Error: Cannot find module '../binaries/uws_linux_x64_137.node'
Require stack:
- /tmp/perps-consensus-terminal.KgZiUk/benchmarks/perps-blind-generalization/node_modules/ganache/node_modules/@trufflesuite/uws-js-unofficial/src/uws.js
- /tmp/perps-consensus-terminal.KgZiUk/benchmarks/perps-blind-generalization/node_modules/ganache/dist/node/core.js
Falling back to a NodeJS implementation; performance may be degraded.


{"adjudicationId":"C-011","automaticOiPropagation":false,"socialLossIndexOccurrences":3,"downstreamCollectionConsumer":false,"severityClosure":"medium"}
✔ C-011 stale OI divergence stops at a manually reported, unconsumed loss index (1.677216ms)
ℹ tests 1
ℹ suites 0
ℹ pass 1
ℹ fail 0
ℹ cancelled 0
ℹ skipped 0
ℹ todo 0
ℹ duration_ms 450.930023

--- stderr ---
