started=2026-08-04T20:37:47.226Z
attempt=1
command=node --test --test-concurrency=1 --test-name-pattern=C-019 blind-review/consensus/adjudication.test.mjs
exit=0
--- stdout ---
This version of µWS is not compatible with your Node.js build:

Error: Cannot find module '../binaries/uws_linux_x64_137.node'
Require stack:
- /tmp/perps-consensus-terminal.KgZiUk/benchmarks/perps-blind-generalization/node_modules/ganache/node_modules/@trufflesuite/uws-js-unofficial/src/uws.js
- /tmp/perps-consensus-terminal.KgZiUk/benchmarks/perps-blind-generalization/node_modules/ganache/dist/node/core.js
Falling back to a NodeJS implementation; performance may be degraded.


{"adjudicationId":"C-019","residualFinalizePrimitive":"AFH-018","independentRoot":"reveal omits finalized and expiry checks","fullFillLeavesRevealableQuantity":false}
✔ C-019 post-final reveal depends on residual finalization while root remains distinct (1.150823ms)
ℹ tests 1
ℹ suites 0
ℹ pass 1
ℹ fail 0
ℹ cancelled 0
ℹ skipped 0
ℹ todo 0
ℹ duration_ms 476.559731

--- stderr ---
