started=2026-08-04T20:37:56.373Z
attempt=1
command=node --test --test-concurrency=1 --test-name-pattern=C-OVERLAP blind-review/consensus/adjudication.test.mjs
exit=0
--- stdout ---
This version of µWS is not compatible with your Node.js build:

Error: Cannot find module '../binaries/uws_linux_x64_137.node'
Require stack:
- /tmp/perps-consensus-terminal.KgZiUk/benchmarks/perps-blind-generalization/node_modules/ganache/node_modules/@trufflesuite/uws-js-unofficial/src/uws.js
- /tmp/perps-consensus-terminal.KgZiUk/benchmarks/perps-blind-generalization/node_modules/ganache/dist/node/core.js
Falling back to a NodeJS implementation; performance may be degraded.


{"adjudicationId":"C-OVERLAP","distinctPairs":[["AFH-005","AFH-006"],["AFH-014","AFH-015"],["AFH-016","AFH-017"],["AFH-021","AFH-022"],["AFH-023","AFH-024"],["AFH-023","AFH-025"]],"duplicatePairs":[]}
✔ C-OVERLAP shared components and impact shapes are not duplicate root causes (1.153306ms)
ℹ tests 1
ℹ suites 0
ℹ pass 1
ℹ fail 0
ℹ cancelled 0
ℹ skipped 0
ℹ todo 0
ℹ duration_ms 453.390225

--- stderr ---
