started=2026-08-04T20:37:38.236Z
attempt=1
command=node --test --test-concurrency=1 --test-name-pattern=C-002 blind-review/consensus/adjudication.test.mjs
exit=0
--- stdout ---
This version of µWS is not compatible with your Node.js build:

Error: Cannot find module '../binaries/uws_linux_x64_137.node'
Require stack:
- /tmp/perps-consensus-terminal.KgZiUk/benchmarks/perps-blind-generalization/node_modules/ganache/node_modules/@trufflesuite/uws-js-unofficial/src/uws.js
- /tmp/perps-consensus-terminal.KgZiUk/benchmarks/perps-blind-generalization/node_modules/ganache/dist/node/core.js
Falling back to a NodeJS implementation; performance may be degraded.


{"adjudicationId":"C-002","nominalWad":"1000000000000000000000","marginReceiptNative":"900000000","insuranceReceiptNative":"900000000","bondReceiptNative":"900000000","root":"same requested-amount-without-balance-delta mechanism at three sinks"}
✔ C-002 nominal receipt is one multi-sink root, not a multi-primitive composition (1527.590443ms)
ℹ tests 1
ℹ suites 0
ℹ pass 1
ℹ fail 0
ℹ cancelled 0
ℹ skipped 0
ℹ todo 0
ℹ duration_ms 2304.494766

--- stderr ---
