started=2026-08-04T20:37:43.436Z
attempt=1
command=node --test --test-concurrency=1 --test-name-pattern=C-017 blind-review/consensus/adjudication.test.mjs
exit=0
--- stdout ---
This version of µWS is not compatible with your Node.js build:

Error: Cannot find module '../binaries/uws_linux_x64_137.node'
Require stack:
- /tmp/perps-consensus-terminal.KgZiUk/benchmarks/perps-blind-generalization/node_modules/ganache/node_modules/@trufflesuite/uws-js-unofficial/src/uws.js
- /tmp/perps-consensus-terminal.KgZiUk/benchmarks/perps-blind-generalization/node_modules/ganache/dist/node/core.js
Falling back to a NodeJS implementation; performance may be degraded.


{"adjudicationId":"C-017","pendingSocialLossWad":"84000000000000000000","residualBase":"1000000000000000000","bidderEquityWad":"-84000000000000000000","attackerTokenProfitNative":"0","fundTokenDeltaNative":"0","finalSeverity":"high"}
✔ C-017 composed chain records solvency loss but has no Critical asset/profit closure (2830.117357ms)
ℹ tests 1
ℹ suites 0
ℹ pass 1
ℹ fail 0
ℹ cancelled 0
ℹ skipped 0
ℹ todo 0
ℹ duration_ms 3743.349063

--- stderr ---
