utc_start=2026-08-04T13:15:59Z
command=bash run/evidence/C-010/reproduce.sh
purpose=discovery
This version of µWS is not compatible with your Node.js build:

Error: Cannot find module '../binaries/uws_linux_x64_137.node'
Require stack:
- /tmp/aim-blind-hunt-75d19f5c.XA7jKe/target/node_modules/ganache/node_modules/@trufflesuite/uws-js-unofficial/src/uws.js
- /tmp/aim-blind-hunt-75d19f5c.XA7jKe/target/node_modules/ganache/dist/node/core.js
Falling back to a NodeJS implementation; performance may be degraded.


{"oracle":"C-010-positive","authorizedAmount":"25000000000000000000","received":"50000000000000000000","routerA":"0x5b1869D9A4C187F2EAa108f3062412ecf0526b24","routerB":"0xCfEB869F69431e42cdB54A4F4f105C19C080A601","nonceA":"1","nonceB":"1"}
✔ positive: one signature replays across two router instances with independent nonce stores (3031.974701ms)
{"oracle":"C-010-negative","domainBoundReplayRejected":true,"authorizedAmount":"25000000000000000000","received":"25000000000000000000","nonceB":"0"}
✔ negative comparator: binding router and chain rejects replay on a second instance (295.687906ms)
ℹ tests 2
ℹ suites 0
ℹ pass 2
ℹ fail 0
ℹ cancelled 0
ℹ skipped 0
ℹ todo 0
ℹ duration_ms 4032.452881
exit=0
utc_end=2026-08-04T13:16:03Z
