utc_start=2026-08-04T13:07:26Z
command=bash run/evidence/C-002/reproduce.sh
purpose=independent clean-process reproduction
This version of µWS is not compatible with your Node.js build:

Error: Cannot find module '../binaries/uws_linux_x64_137.node'
Require stack:
- /tmp/aim-blind-hunt-75d19f5c.XA7jKe/target/node_modules/ganache/node_modules/@trufflesuite/uws-js-unofficial/src/uws.js
- /tmp/aim-blind-hunt-75d19f5c.XA7jKe/target/node_modules/ganache/dist/node/core.js
Falling back to a NodeJS implementation; performance may be degraded.


{"oracle":"C-002-positive","configuredRemote":"0x22d491Bde2303f2f43325b2108D26f1eAbA1e32b","actualRemote":"0xE11BA2b4D45Eaed5996Cd0823791E0C93114882d","bridgeCollateral":"1000000000000000000000","attackerStable":"750000000000000000000"}
✔ positive: authentic messenger relay from an unconfigured remote application creates spendable collateral (3281.8971ms)
{"oracle":"C-002-negative","wrongSenderRejected":true,"correctSenderCredited":"1000000000000000000000"}
✔ negative comparator: binding messenger source sender to configured gateway rejects the same message (610.264061ms)
ℹ tests 2
ℹ suites 0
ℹ pass 2
ℹ fail 0
ℹ cancelled 0
ℹ skipped 0
ℹ todo 0
ℹ duration_ms 4634.085514
exit=0
utc_end=2026-08-04T13:07:30Z
