npm warn Unknown env config "http-proxy". This will stop working in the next major version of npm.

> aster-credit-benchmark@1.0.0 check
> npm run compile && npm test

npm warn Unknown env config "http-proxy". This will stop working in the next major version of npm.

> aster-credit-benchmark@1.0.0 compile
> node scripts/compile.mjs

Compiled 21 contracts with solc 0.8.30.
npm notice
npm notice New minor version of npm available! 11.9.0 -> 11.19.0
npm notice Changelog: https://github.com/npm/cli/releases/tag/v11.19.0
npm notice To update run: npm install -g npm@11.19.0
npm notice
npm warn Unknown env config "http-proxy". This will stop working in the next major version of npm.

> aster-credit-benchmark@1.0.0 test
> node --test --test-concurrency=1 test/**/*.test.mjs

This version of µWS is not compatible with your Node.js build:

Error: Cannot find module '../binaries/uws_linux_x64_137.node'
Require stack:
- /tmp/aim-blind-review-b-2818814.ykfBRN/target/node_modules/ganache/node_modules/@trufflesuite/uws-js-unofficial/src/uws.js
- /tmp/aim-blind-review-b-2818814.ykfBRN/target/node_modules/ganache/dist/node/core.js
Falling back to a NodeJS implementation; performance may be degraded.


▶ Aster Credit
  ✔ vault deposits and redemptions preserve proportional ownership (1388.22023ms)
  ✔ collateral supports borrowing and repayment (1163.21325ms)
  ✔ oracle reports normalized primary prices (853.099586ms)
  ✔ signed transfers advance their owner nonce (910.560001ms)
  ✔ bridge messages credit remote collateral (929.533091ms)
  ✔ reward claims and strategy operations complete (869.633841ms)
✔ Aster Credit (8401.148754ms)
ℹ tests 6
ℹ suites 1
ℹ pass 6
ℹ fail 0
ℹ cancelled 0
ℹ skipped 0
ℹ todo 0
ℹ duration_ms 9137.206061
npm notice
npm notice New minor version of npm available! 11.9.0 -> 11.19.0
npm notice Changelog: https://github.com/npm/cli/releases/tag/v11.19.0
npm notice To update run: npm install -g npm@11.19.0
npm notice
npm notice
npm notice New minor version of npm available! 11.9.0 -> 11.19.0
npm notice Changelog: https://github.com/npm/cli/releases/tag/v11.19.0
npm notice To update run: npm install -g npm@11.19.0
npm notice
