// SPDX-License-Identifier: MIT
pragma solidity 0.8.30;

import {IERC20} from "./interfaces/ProtocolInterfaces.sol";
import {SignatureCodec} from "./lib/SignatureCodec.sol";

contract PermitRouter {
    using SignatureCodec for bytes32;

    bytes32 public constant TRANSFER_TYPEHASH =
        keccak256("TransferPermit(address owner,address token,uint256 amount,uint256 nonce,uint256 deadline)");

    mapping(address => uint256) public nonces;

    event PermitTransfer(address indexed owner, address indexed token, address indexed recipient, uint256 amount);

    function executeTransfer(
        address owner,
        IERC20 token,
        uint256 amount,
        address recipient,
        uint256 deadline,
        bytes calldata signature
    ) external {
        require(block.timestamp <= deadline, "EXPIRED");
        uint256 nonce = nonces[owner]++;
        bytes32 payload = keccak256(abi.encode(TRANSFER_TYPEHASH, owner, address(token), amount, nonce, deadline));
        require(payload.messageHash().recover(signature) == owner, "SIGNER");
        require(token.transferFrom(owner, recipient, amount), "TRANSFER");
        emit PermitTransfer(owner, address(token), recipient, amount);
    }
}
// SPDX-License-Identifier: MIT
pragma solidity 0.8.30;

import {IERC20} from "./interfaces/ProtocolInterfaces.sol";
import {SignatureCodec} from "./lib/SignatureCodec.sol";

contract RewardsDistributor {
    using SignatureCodec for bytes32;

    bytes32 public constant CLAIM_TYPEHASH =
        keccak256("RewardClaim(address distributor,uint256 chainId,address account,uint256 amount,uint256 nonce)");

    IERC20 public immutable rewardToken;
    address public immutable authority;
    mapping(bytes32 => bool) public usedSignatures;

    event Claimed(address indexed account, uint256 amount, uint256 nonce);

    constructor(IERC20 rewardToken_, address authority_) {
        rewardToken = rewardToken_;
        authority = authority_;
    }

    function claim(address account, uint256 amount, uint256 nonce, bytes calldata signature) external {
        bytes32 payload = claimPayload(account, amount, nonce);
        bytes32 signatureId = keccak256(signature);
        require(!usedSignatures[signatureId], "USED");
        require(payload.messageHash().recover(signature) == authority, "AUTHORITY");
        usedSignatures[signatureId] = true;
        require(rewardToken.transfer(account, amount), "TRANSFER");
        emit Claimed(account, amount, nonce);
    }

    function claimPayload(address account, uint256 amount, uint256 nonce) public view returns (bytes32) {
        return keccak256(abi.encode(CLAIM_TYPEHASH, address(this), block.chainid, account, amount, nonce));
    }
}
// SPDX-License-Identifier: MIT
pragma solidity 0.8.30;

library SignatureCodec {
    function messageHash(bytes32 payloadHash) internal pure returns (bytes32) {
        return keccak256(abi.encodePacked("\x19Ethereum Signed Message:\n32", payloadHash));
    }

    function recover(bytes32 digest, bytes calldata signature) internal pure returns (address signer) {
        require(signature.length == 65, "SIGNATURE_LENGTH");
        bytes32 r;
        bytes32 s;
        uint8 v;
        assembly {
            r := calldataload(signature.offset)
            s := calldataload(add(signature.offset, 32))
            v := byte(0, calldataload(add(signature.offset, 64)))
        }
        if (v < 27) v += 27;
        require(v == 27 || v == 28, "SIGNATURE_V");
        signer = ecrecover(digest, v, r, s);
        require(signer != address(0), "SIGNATURE");
    }
}

// SPDX-License-Identifier: MIT
pragma solidity 0.8.30;

import {IERC20} from "./interfaces/ProtocolInterfaces.sol";

contract StrategyModule {
    address public vault;
    address public operator;
    bool public initialized;

    event Initialized(address indexed vault, address indexed operator);
    event Swept(address indexed token, address indexed receiver, uint256 amount);

    function initialize(address vault_, address operator_) external {
        require(vault_ != address(0) && operator_ != address(0), "CONFIG");
        vault = vault_;
        operator = operator_;
        initialized = true;
        emit Initialized(vault_, operator_);
    }

    function sweep(IERC20 token, address receiver, uint256 amount) external {
        require(msg.sender == operator, "OPERATOR");
        require(token.transfer(receiver, amount), "TRANSFER");
        emit Swept(address(token), receiver, amount);
    }

    function execute(address target, bytes calldata data) external returns (bytes memory result) {
        require(msg.sender == vault, "VAULT");
        (bool ok, bytes memory returned) = target.call(data);
        require(ok, "EXECUTE");
        return returned;
    }
}

