04002-harness.log
010-manifest-verification.log
082-completion-utc.log
05010-reproduction.log
072-node-version.log
04008-harness.log
032-permit-rewards-strategy-source.log
04010-harness.log
05006-reproduction.log
05009-reproduction.log
05002-reproduction.log
034-test-support.log
05011-reproduction.log
04009-harness.log
05004-reproduction.log
080-output-validation.log
071-current-utc.log
05008-reproduction.log
040-candidate-harnesses.log
04001-harness.log
081-aggregate-crosscheck.log
061-independent-boundary-suite-rerun.log
05001-reproduction.log
035-compiler-support.log
05003-reproduction.log
020-ordinary-suite.log
060-independent-boundary-suite.log
004-package-input.log
04003-harness.log
04005-harness.log
030-contract-source.log
04006-harness.log
05005-reproduction.log
05007-reproduction.log
073-npm-version.log
04004-harness.log
005-benchmark-input.log
04007-harness.log
074-final-manifest-verification.log
031-lending-bridge-source.log
003-source-manifest-input.log
04011-harness.log
033-oracle-pool-vault-source.log
006-candidates-input.log
070-start-timestamp.log
083-log-inventory.log
