utc_start=2026-08-04T13:13:38Z
command=bash run/evidence/C-008/reproduce.sh
purpose=discovery
This version of µWS is not compatible with your Node.js build:

Error: Cannot find module '../binaries/uws_linux_x64_137.node'
Require stack:
- /tmp/aim-blind-hunt-75d19f5c.XA7jKe/target/node_modules/ganache/node_modules/@trufflesuite/uws-js-unofficial/src/uws.js
- /tmp/aim-blind-hunt-75d19f5c.XA7jKe/target/node_modules/ganache/dist/node/core.js
Falling back to a NodeJS implementation; performance may be degraded.


{"oracle":"C-008-positive","startingStable":"10000000000000000000000","acquiredAsset":"4992488733099649474211","manipulatedPrice":"3993999999999999999","safeLimitAtOneDollar":"3744366549824737105658","debtAfter":"14954999999999999996254","finalLiquidStable":"14954999999999999996254"}
✔ positive: fallback to manipulable pool spot creates profitable undercollateralized borrowing (3817.303248ms)
{"oracle":"C-008-negative","primaryPrice":"1000000000000000000","safeLimit":"3744366549824737105658","excessBorrowRejected":true,"debtAfter":"0"}
✔ negative: a positive primary feed ignores the same pool manipulation and blocks excess borrowing (1076.172012ms)
ℹ tests 2
ℹ suites 0
ℹ pass 2
ℹ fail 0
ℹ cancelled 0
ℹ skipped 0
ℹ todo 0
ℹ duration_ms 5613.024505
exit=0
utc_end=2026-08-04T13:13:44Z
