utc_start=2026-08-04T13:08:05Z
command=bash run/evidence/C-003/reproduce.sh
purpose=discovery
This version of µWS is not compatible with your Node.js build:

Error: Cannot find module '../binaries/uws_linux_x64_137.node'
Require stack:
- /tmp/aim-blind-hunt-75d19f5c.XA7jKe/target/node_modules/ganache/node_modules/@trufflesuite/uws-js-unofficial/src/uws.js
- /tmp/aim-blind-hunt-75d19f5c.XA7jKe/target/node_modules/ganache/dist/node/core.js
Falling back to a NodeJS implementation; performance may be degraded.


{"oracle":"C-003-positive","intendedRecipient":"0x22d491Bde2303f2f43325b2108D26f1eAbA1e32b","actualRecipient":"0xE11BA2b4D45Eaed5996Cd0823791E0C93114882d","intendedBalance":"0","attackerBalance":"25000000000000000000","nonceAfter":"1"}
✔ positive: relayer redirects a valid transfer signature because recipient is not signed (2785.752308ms)
{"oracle":"C-003-negative","encodedAmountChangeRejected":true,"attackerBalance":"0","nonceAfter":"0"}
✔ negative: changing an encoded amount invalidates the same kind of signature (188.62236ms)
ℹ tests 2
ℹ suites 0
ℹ pass 2
ℹ fail 0
ℹ cancelled 0
ℹ skipped 0
ℹ todo 0
ℹ duration_ms 3689.585632
exit=0
utc_end=2026-08-04T13:08:09Z
