utc_start=2026-08-04T13:16:56Z
command=bash run/evidence/C-011/reproduce.sh
purpose=independent-clean-process-reproduction
This version of µWS is not compatible with your Node.js build:

Error: Cannot find module '../binaries/uws_linux_x64_137.node'
Require stack:
- /tmp/aim-blind-hunt-75d19f5c.XA7jKe/target/node_modules/ganache/node_modules/@trufflesuite/uws-js-unofficial/src/uws.js
- /tmp/aim-blind-hunt-75d19f5c.XA7jKe/target/node_modules/ganache/dist/node/core.js
Falling back to a NodeJS implementation; performance may be degraded.


{"oracle":"C-011-positive","seedShare":"1","recoverableDonation":"1000000000000000000000","victimDeposit":"1000000000000000000000","victimShares":"0","attackerAssetsAfterRecovery":"1000000000000000000001","capitalLoss":"0"}
✔ positive: recoverable first-share donation makes a victim deposit mint zero and revert (3070.209229ms)
{"oracle":"C-011-negative","donation":"0","victimDepositSucceeded":true,"victimShares":"1000000000000000000000"}
✔ negative: without exchange-rate donation the same victim deposit succeeds (404.552946ms)
ℹ tests 2
ℹ suites 0
ℹ pass 2
ℹ fail 0
ℹ cancelled 0
ℹ skipped 0
ℹ todo 0
ℹ duration_ms 4196.27642
exit=0
utc_end=2026-08-04T13:17:00Z
