This version of µWS is not compatible with your Node.js build:

Error: Cannot find module '../binaries/uws_linux_x64_137.node'
Require stack:
- /tmp/aim-blind-review-a-2818814.IKxDfJ/target/node_modules/ganache/node_modules/@trufflesuite/uws-js-unofficial/src/uws.js
- /tmp/aim-blind-review-a-2818814.IKxDfJ/target/node_modules/ganache/dist/node/core.js
Falling back to a NodeJS implementation; performance may be degraded.


{"check":"C-001-depth","borrowLimit":"750000000000000000000","frames":"8","debt":"6000000000000000000000","stableReceived":"6000000000000000000000"}
✔ C-001 discriminant: stale-debt callback can repeat beyond two frames (3895.618666ms)
✖ C-005 discriminant: reinitialization also grants the arbitrary-call vault role (186.746859ms)
{"check":"C-006-static-solvency","collateralValue":"1000000000000000000000","debt":"949000000000000000000","immediateShortfall":"0","priceDropToInsolvencyBps":"510"}
✔ C-006 discriminant: parameter bypass raises risk but remains nominally collateralized at the static price (602.542257ms)
ℹ tests 3
ℹ suites 0
ℹ pass 2
ℹ fail 1
ℹ cancelled 0
ℹ skipped 0
ℹ todo 0
ℹ duration_ms 5438.662685

✖ failing tests:

test at review-output/independent-discrimination.test.mjs:100:1
✖ C-005 discriminant: reinitialization also grants the arbitrary-call vault role (186.746859ms)
  Error: missing revert data (action="estimateGas", data=null, reason=null, transaction={ "data": "0x1cff79cd000000000000000000000000e78a0f7e598cc8b0bb87894b0f60dd2a88d6a8ab00000000000000000000000000000000000000000000000000000000000000400000000000000000000000000000000000000000000000000000000000000044a9059cbb00000000000000000000000022d491bde2303f2f43325b2108d26f1eaba1e32b0000000000000000000000000000000000000000000000008ac7230489e8000000000000000000000000000000000000000000000000000000000000", "from": "0x22d491Bde2303f2f43325b2108D26f1eAbA1e32b", "to": "0x5b1869D9A4C187F2EAa108f3062412ecf0526b24" }, invocation=null, revert=null, code=CALL_EXCEPTION, version=6.15.0)
      at makeError (file:///tmp/aim-blind-review-a-2818814.IKxDfJ/target/node_modules/ethers/lib.esm/utils/errors.js:132:21)
      at getBuiltinCallException (file:///tmp/aim-blind-review-a-2818814.IKxDfJ/target/node_modules/ethers/lib.esm/abi/abi-coder.js:102:12)
      at AbiCoder.getBuiltinCallException (file:///tmp/aim-blind-review-a-2818814.IKxDfJ/target/node_modules/ethers/lib.esm/abi/abi-coder.js:203:16)
      at BrowserProvider.getRpcError (file:///tmp/aim-blind-review-a-2818814.IKxDfJ/target/node_modules/ethers/lib.esm/providers/provider-jsonrpc.js:691:32)
      at BrowserProvider.getRpcError (file:///tmp/aim-blind-review-a-2818814.IKxDfJ/target/node_modules/ethers/lib.esm/providers/provider-browser.js:75:22)
      at file:///tmp/aim-blind-review-a-2818814.IKxDfJ/target/node_modules/ethers/lib.esm/providers/provider-jsonrpc.js:298:45 {
    code: 'CALL_EXCEPTION',
    action: 'estimateGas',
    data: null,
    reason: null,
    transaction: { to: '0x5b1869D9A4C187F2EAa108f3062412ecf0526b24', data: '0x1cff79cd000000000000000000000000e78a0f7e598cc8b0bb87894b0f60dd2a88d6a8ab00000000000000000000000000000000000000000000000000000000000000400000000000000000000000000000000000000000000000000000000000000044a9059cbb00000000000000000000000022d491bde2303f2f43325b2108d26f1eaba1e32b0000000000000000000000000000000000000000000000008ac7230489e8000000000000000000000000000000000000000000000000000000000000', from: '0x22d491Bde2303f2f43325b2108D26f1eAbA1e32b' },
    invocation: null,
    revert: null,
    shortMessage: 'missing revert data',
    info: { error: { code: -32000, data: [Object], message: 'VM Exception while processing transaction: revert VAULT' }, payload: { method: 'eth_estimateGas', params: [Array], id: 47, jsonrpc: '2.0' } }
  }
