utc=2026-08-04T13:20:32Z
command=node ABI entry-point census over deterministic artifacts
AsterVault @ contracts/AsterVault.sol
  allowance(address,address)[view]
  approve(address,uint256)[nonpayable]
  asset()[view]
  balanceOf(address)[view]
  burn(address,uint256)[pure]
  convertToAssets(uint256)[view]
  convertToShares(uint256)[view]
  decimals()[view]
  deposit(uint256,address)[nonpayable]
  mint(address,uint256)[pure]
  mint(uint256,address)[nonpayable]
  name()[view]
  previewDeposit(uint256)[view]
  previewMint(uint256)[view]
  previewRedeem(uint256)[view]
  previewWithdraw(uint256)[view]
  redeem(uint256,address,address)[nonpayable]
  symbol()[view]
  totalAssets()[view]
  totalSupply()[view]
  transfer(address,uint256)[nonpayable]
  transferFrom(address,address,uint256)[nonpayable]
  withdraw(uint256,address,address)[nonpayable]
BridgeGateway @ contracts/BridgeGateway.sol
  admin()[view]
  configureRemote(uint32,address)[nonpayable]
  finalizeCollateral(uint32,uint64,address,uint256)[nonpayable]
  messenger()[view]
  processedNonce(uint64)[view]
  receiver()[view]
  remoteGateway(uint32)[view]
  transferAdmin(address)[nonpayable]
IAggregator @ contracts/interfaces/ProtocolInterfaces.sol
  decimals()[view]
  latestRoundData()[view]
IBorrowCallback @ contracts/interfaces/ProtocolInterfaces.sol
  onBorrow(address,uint256,bytes)[nonpayable]
IBridgeCollateralReceiver @ contracts/interfaces/ProtocolInterfaces.sol
  onBridgeCredit(address,uint256)[nonpayable]
IERC20 @ contracts/interfaces/ProtocolInterfaces.sol
  allowance(address,address)[view]
  approve(address,uint256)[nonpayable]
  balanceOf(address)[view]
  totalSupply()[view]
  transfer(address,uint256)[nonpayable]
  transferFrom(address,address,uint256)[nonpayable]
IERC20Metadata @ contracts/interfaces/ProtocolInterfaces.sol
  allowance(address,address)[view]
  approve(address,uint256)[nonpayable]
  balanceOf(address)[view]
  decimals()[view]
  totalSupply()[view]
  transfer(address,uint256)[nonpayable]
  transferFrom(address,address,uint256)[nonpayable]
IMessageContext @ contracts/interfaces/ProtocolInterfaces.sol
  xDomainMessageSender()[view]
  xDomainSourceChain()[view]
IPriceSource @ contracts/interfaces/ProtocolInterfaces.sol
  price()[view]
IReservePool @ contracts/interfaces/ProtocolInterfaces.sol
  spotPrice()[view]
LendingMarket @ contracts/LendingMarket.sol
  borrow(uint256,address,bytes)[nonpayable]
  borrowLimit(address)[view]
  bridge()[view]
  bridgeCollateral(address)[view]
  collateral()[view]
  collateralFactorBps()[view]
  collateralValue(address)[view]
  debt(address)[view]
  depositCollateral(uint256,address)[nonpayable]
  guardian()[view]
  localCollateral(address)[view]
  onBridgeCredit(address,uint256)[nonpayable]
  oracle()[view]
  paused()[view]
  repay(address,uint256)[nonpayable]
  setBridge(address)[nonpayable]
  setCollateralFactor(uint256)[nonpayable]
  setPaused(bool)[nonpayable]
  stable()[view]
  transferGuardianship(address)[nonpayable]
  withdrawCollateral(uint256,address)[nonpayable]
MockERC20 @ contracts/mocks/MockTokens.sol
  allowance(address,address)[view]
  approve(address,uint256)[nonpayable]
  balanceOf(address)[view]
  burn(address,uint256)[nonpayable]
  decimals()[view]
  mint(address,uint256)[nonpayable]
  name()[view]
  symbol()[view]
  totalSupply()[view]
  transfer(address,uint256)[nonpayable]
  transferFrom(address,address,uint256)[nonpayable]
MockFeed @ contracts/mocks/MockFeed.sol
  answer()[view]
  answeredInRound()[view]
  decimals()[view]
  latestRoundData()[view]
  roundId()[view]
  setRound(int256,uint256)[nonpayable]
  startedAt()[view]
  updatedAt()[view]
MockMessenger @ contracts/mocks/MockMessaging.sol
  relay(address,uint32,address,bytes)[nonpayable]
  xDomainMessageSender()[view]
  xDomainSourceChain()[view]
PermitRouter @ contracts/PermitRouter.sol
  TRANSFER_TYPEHASH()[view]
  executeTransfer(address,address,uint256,address,uint256,bytes)[nonpayable]
  nonces(address)[view]
ReserveOracle @ contracts/ReserveOracle.sol
  configure(address)[nonpayable]
  feed()[view]
  owner()[view]
  pool()[view]
  price()[view]
  transferOwnership(address)[nonpayable]
ReservePool @ contracts/ReservePool.sol
  addLiquidity(uint256,uint256)[nonpayable]
  asset()[view]
  quote()[view]
  quoteExactInput(address,uint256)[view]
  reserveAsset()[view]
  reserveQuote()[view]
  spotPrice()[view]
  swapExactInput(address,uint256,uint256,address)[nonpayable]
  sync()[nonpayable]
RewardsDistributor @ contracts/RewardsDistributor.sol
  CLAIM_TYPEHASH()[view]
  authority()[view]
  claim(address,uint256,uint256,bytes)[nonpayable]
  claimPayload(address,uint256,uint256)[view]
  rewardToken()[view]
  usedSignatures(bytes32)[view]
SignatureCodec @ contracts/lib/SignatureCodec.sol
StrategyModule @ contracts/StrategyModule.sol
  execute(address,bytes)[nonpayable]
  initialize(address,address)[nonpayable]
  initialized()[view]
  operator()[view]
  sweep(address,address,uint256)[nonpayable]
  vault()[view]
TokenMath @ contracts/lib/TokenMath.sol
exit=0
