{
  "outcome": "validated",
  "reason": "Census obligations completed: eleven distinct candidates passed every required gate; seven additional lead families were rejected with named failed gates; source manifest verified pre/post",
  "from_status": "active",
  "candidate_id": "C-001",
  "evidence": [
    "run/submission/candidates.json",
    "run/submission/REPORT.md",
    "run/run-attestation.json",
    "run/resource-metrics.json",
    "run/evidence/_run/manifest-post.log",
    "run/evidence/_run/evidence-hashes.sha256"
  ],
  "residual_risks": [],
  "obligations": [],
  "unlock": null,
  "completed_at": "2026-08-04T13:32:25Z"
}
{
  "phase": "terminal",
  "valid": true,
  "errors": []
}
{
  "candidates": {
    "C-001": {
      "revision": 2,
      "status": "validated",
      "title": "Borrow callback reentrancy finalizes debt after value transfer"
    },
    "C-002": {
      "revision": 2,
      "status": "validated",
      "title": "Bridge credit does not authenticate remote application sender"
    },
    "C-003": {
      "revision": 2,
      "status": "validated",
      "title": "Permit relayer can redirect signed transfer"
    },
    "C-004": {
      "revision": 2,
      "status": "validated",
      "title": "ECDSA malleability bypasses reward replay protection"
    },
    "C-005": {
      "revision": 2,
      "status": "validated",
      "title": "StrategyModule can be reinitialized and seized"
    },
    "C-006": {
      "revision": 2,
      "status": "validated",
      "title": "Any user can raise the global collateral factor"
    },
    "C-007": {
      "revision": 2,
      "status": "validated",
      "title": "Bridge replay nonce is global across source chains"
    },
    "C-008": {
      "revision": 2,
      "status": "validated",
      "title": "Manipulable reserve spot price is trusted during feed fallback"
    },
    "C-009": {
      "revision": 2,
      "status": "validated",
      "title": "Positive primary price is accepted indefinitely"
    },
    "C-010": {
      "revision": 2,
      "status": "validated",
      "title": "Permit signature replays across router instances"
    },
    "C-011": {
      "revision": 2,
      "status": "validated",
      "title": "First-share donation can deny vault deposits"
    },
    "R-001": {
      "revision": 1,
      "status": "rejected",
      "title": "Vault withdraw rounds shares down"
    },
    "R-002": {
      "revision": 1,
      "status": "rejected",
      "title": "Large-value arithmetic and reserve cast boundaries"
    },
    "R-003": {
      "revision": 1,
      "status": "rejected",
      "title": "Mixed token decimal scaling"
    },
    "R-004": {
      "revision": 1,
      "status": "rejected",
      "title": "No liquidation entry point"
    },
    "R-005": {
      "revision": 1,
      "status": "rejected",
      "title": "Configured-token callback semantics"
    },
    "R-006": {
      "revision": 1,
      "status": "rejected",
      "title": "Mock administrative controls"
    },
    "R-007": {
      "revision": 1,
      "status": "rejected",
      "title": "Zero-address and zero-amount edges"
    }
  },
  "counts": {
    "candidate_revisions": 29,
    "coverage_revisions": 44,
    "events": 20
  },
  "coverage": {
    "attack-surface": {
      "tested": 7
    },
    "config-build": {
      "tested": 2
    },
    "falsification": {
      "tested": 5
    },
    "historical-family": {
      "blocked": 1
    },
    "runtime-corpus": {
      "tested": 2
    },
    "source-read": {
      "inspected": 14
    },
    "state-invariant": {
      "tested": 7
    },
    "trust-boundary": {
      "tested": 6
    }
  },
  "directory": "/tmp/aim-blind-hunt-75d19f5c.XA7jKe/target/.goal-hunt",
  "last_event": {
    "evidence": [
      "run/submission/candidates.json",
      "run/submission/REPORT.md",
      "run/run-attestation.json",
      "run/resource-metrics.json",
      "run/evidence/_run/manifest-post.log",
      "run/evidence/_run/evidence-hashes.sha256"
    ],
    "kind": "terminal",
    "schema_version": 1,
    "sequence": 20,
    "summary": "validated: Census obligations completed: eleven distinct candidates passed every required gate; seven additional lead families were rejected with named failed gates; source manifest verified pre/post",
    "timestamp": "2026-08-04T13:32:25Z"
  },
  "outcome": "validated",
  "status": "completed",
  "terminal": {
    "candidate_id": "C-001",
    "completed_at": "2026-08-04T13:32:25Z",
    "evidence": [
      "run/submission/candidates.json",
      "run/submission/REPORT.md",
      "run/run-attestation.json",
      "run/resource-metrics.json",
      "run/evidence/_run/manifest-post.log",
      "run/evidence/_run/evidence-hashes.sha256"
    ],
    "from_status": "active",
    "obligations": [],
    "outcome": "validated",
    "reason": "Census obligations completed: eleven distinct candidates passed every required gate; seven additional lead families were rejected with named failed gates; source manifest verified pre/post",
    "residual_risks": [],
    "unlock": null
  }
}
