utc=2026-08-04T12:47:32.768Z
node=v24.14.0
OK a12f3e331d35267be67463837828f80d29a3f0a98f24be7bd2db763d72f686e5  .gitignore
OK b5aba20d3dfa217cf4b2578628a39b4b10e56f52c71186d7310a9665f1036a24  BENCHMARK.md
OK e9b8687fd0674bbcda530ad65e560e46b4b30ee6b1b9c66258f47abe412f4c7a  contracts/AsterVault.sol
OK 06af0ed8275a32c4b9591770370679680372dc145f421f4fc8a9d595444e0dc2  contracts/BridgeGateway.sol
OK 98baccf467b5e4fd8df7b12ff9ad031ccb4f2b778365d5d57f55d7b64bb4b392  contracts/LendingMarket.sol
OK 66dcbd8924532c0e8e9bae789ffdb83656ffe842c869e1cc5d6da585cb1bc245  contracts/PermitRouter.sol
OK 312415c68abc2f82fe8d5d4aa3aceb46424b470fe5e282f0bd4e5d26c4d54597  contracts/ReserveOracle.sol
OK c66e7662bcc1517bf69d1d6c073ea4c00cb1286386955e780c0246b187d86089  contracts/ReservePool.sol
OK 8b8646ec670523e2429bad2f8a3ae01f45d6dc1f80a7289106da7c2cfdc8dc58  contracts/RewardsDistributor.sol
OK c85b5b7c234f2c8169db57329a4c31967c6ffdc99039d28229b5ee9036fe0f62  contracts/StrategyModule.sol
OK 023054bc4a182254b65733d948f6013ac376ec13a93c95c474fb0a990d25843d  contracts/interfaces/ProtocolInterfaces.sol
OK d06355424b31d3c1bd0ec0a0e066a4df62679be2a41f51a542a361d49724b7f8  contracts/lib/SignatureCodec.sol
OK 0ced43b428c4dd57b59dc4746836a50e8270f38afed64a41f8a346e7ae49d0af  contracts/lib/TokenMath.sol
OK 8d8a424347584cd95e0c5c035a6f234e0a3823538d5b2c48f8ef975e3b1063ba  contracts/mocks/MockFeed.sol
OK 167b34249b4f869338eae400495954a2b8499dca2517b80be33f0f87be68ea0f  contracts/mocks/MockMessaging.sol
OK 72dacfab84495cebccbe93e09fe19693807943ae5536b50ec72b15b2e3ff7c6c  contracts/mocks/MockTokens.sol
OK 447b620ab0c17e0dbf2da1e0b7c25ccb768bc7e011b1512f297733042d477933  package-lock.json
OK d48f0f6d1e974d374890ec1ae66255448a271e328e1c2917fea8a5b9861230e3  package.json
OK daab288e9d6cde8a0c097f16943ec36410caa4fd7b4783d5bdb3057cdceac002  scripts/compile.mjs
OK faa7339b2b7eb8e2009c756461f6dd1a5694a5cd085dd3580c2226b83d909c3a  scripts/compiler.mjs
OK ec3d6f4a715b0289cb7ee80f0247b794c7c57296efdc8b2eaea1bffd08733be4  test/support.mjs
OK 8a0e2a77c4acd95e7e62bb3eefef38ce2bafacf8a7ce560afdcba24fa63f43f6  test/system.test.mjs
combined=9ac26ede2c9b8e3f45910a1e8207c10ec418999106571061211fc339ad84c926
expected=9ac26ede2c9b8e3f45910a1e8207c10ec418999106571061211fc339ad84c926
verified=true
