reviews/a/REPORT.md: OK
reviews/a/independent-discrimination.test.mjs: OK
reviews/a/logs/C-001.log: OK
reviews/a/logs/C-002.log: OK
reviews/a/logs/C-003.log: OK
reviews/a/logs/C-004.log: OK
reviews/a/logs/C-005.log: OK
reviews/a/logs/C-006.log: OK
reviews/a/logs/C-007.log: OK
reviews/a/logs/C-008.log: OK
reviews/a/logs/C-009.log: OK
reviews/a/logs/C-010.log: OK
reviews/a/logs/C-011.log: OK
reviews/a/logs/independent-discrimination-attempt-1.log: OK
reviews/a/logs/independent-discrimination.log: OK
reviews/a/logs/manifest.log: OK
reviews/a/logs/ordinary-suite.log: OK
reviews/a/logs/validation.log: OK
reviews/a/reviewer-a.json: OK
reviews/b/REPORT.md: OK
reviews/b/checks/reviewer_b_independent.test.mjs: OK
reviews/b/checks/validate_output.sh: OK
reviews/b/checks/verify_manifest.sh: OK
reviews/b/logs/003-source-manifest-input.log: OK
reviews/b/logs/004-package-input.log: OK
reviews/b/logs/005-benchmark-input.log: OK
reviews/b/logs/006-candidates-input.log: OK
reviews/b/logs/010-manifest-verification.log: OK
reviews/b/logs/020-ordinary-suite.log: OK
reviews/b/logs/030-contract-source.log: OK
reviews/b/logs/031-lending-bridge-source.log: OK
reviews/b/logs/032-permit-rewards-strategy-source.log: OK
reviews/b/logs/033-oracle-pool-vault-source.log: OK
reviews/b/logs/034-test-support.log: OK
reviews/b/logs/035-compiler-support.log: OK
reviews/b/logs/040-candidate-harnesses.log: OK
reviews/b/logs/04001-harness.log: OK
reviews/b/logs/04002-harness.log: OK
reviews/b/logs/04003-harness.log: OK
reviews/b/logs/04004-harness.log: OK
reviews/b/logs/04005-harness.log: OK
reviews/b/logs/04006-harness.log: OK
reviews/b/logs/04007-harness.log: OK
reviews/b/logs/04008-harness.log: OK
reviews/b/logs/04009-harness.log: OK
reviews/b/logs/04010-harness.log: OK
reviews/b/logs/04011-harness.log: OK
reviews/b/logs/05001-reproduction.log: OK
reviews/b/logs/05002-reproduction.log: OK
reviews/b/logs/05003-reproduction.log: OK
reviews/b/logs/05004-reproduction.log: OK
reviews/b/logs/05005-reproduction.log: OK
reviews/b/logs/05006-reproduction.log: OK
reviews/b/logs/05007-reproduction.log: OK
reviews/b/logs/05008-reproduction.log: OK
reviews/b/logs/05009-reproduction.log: OK
reviews/b/logs/05010-reproduction.log: OK
reviews/b/logs/05011-reproduction.log: OK
reviews/b/logs/060-independent-boundary-suite.log: OK
reviews/b/logs/061-independent-boundary-suite-rerun.log: OK
reviews/b/logs/070-start-timestamp.log: OK
reviews/b/logs/071-current-utc.log: OK
reviews/b/logs/072-node-version.log: OK
reviews/b/logs/073-npm-version.log: OK
reviews/b/logs/074-final-manifest-verification.log: OK
reviews/b/logs/080-output-validation.log: OK
reviews/b/logs/081-aggregate-crosscheck.log: OK
reviews/b/logs/082-completion-utc.log: OK
reviews/b/logs/083-log-inventory.log: OK
reviews/b/logs/084-final-output-validation.log: OK
reviews/b/logs/085-deliverable-sizes.log: OK
reviews/b/logs/086-suite-artifact-check.log: OK
reviews/b/logs/087-relocate-suite-artifacts.log: OK
reviews/b/logs/088-post-cleanup-manifest.log: OK
reviews/b/logs/089-post-cleanup-validation.log: OK
reviews/b/logs/090-final-completion-utc.log: OK
reviews/b/logs/091-final-json-validation.log: OK
reviews/b/ordinary-suite-artifacts/AsterVault.json: OK
reviews/b/ordinary-suite-artifacts/BridgeGateway.json: OK
reviews/b/ordinary-suite-artifacts/IAggregator.json: OK
reviews/b/ordinary-suite-artifacts/IBorrowCallback.json: OK
reviews/b/ordinary-suite-artifacts/IBridgeCollateralReceiver.json: OK
reviews/b/ordinary-suite-artifacts/IERC20.json: OK
reviews/b/ordinary-suite-artifacts/IERC20Metadata.json: OK
reviews/b/ordinary-suite-artifacts/IMessageContext.json: OK
reviews/b/ordinary-suite-artifacts/IPriceSource.json: OK
reviews/b/ordinary-suite-artifacts/IReservePool.json: OK
reviews/b/ordinary-suite-artifacts/LendingMarket.json: OK
reviews/b/ordinary-suite-artifacts/MockERC20.json: OK
reviews/b/ordinary-suite-artifacts/MockFeed.json: OK
reviews/b/ordinary-suite-artifacts/MockMessenger.json: OK
reviews/b/ordinary-suite-artifacts/PermitRouter.json: OK
reviews/b/ordinary-suite-artifacts/ReserveOracle.json: OK
reviews/b/ordinary-suite-artifacts/ReservePool.json: OK
reviews/b/ordinary-suite-artifacts/RewardsDistributor.json: OK
reviews/b/ordinary-suite-artifacts/SignatureCodec.json: OK
reviews/b/ordinary-suite-artifacts/StrategyModule.json: OK
reviews/b/ordinary-suite-artifacts/TokenMath.json: OK
reviews/b/reviewer-b.json: OK
reviews/b/run_logged.sh: OK
target/run/submission/candidates.json: OK

