{
  "declared_file_count": 22,
  "checked_file_count": 22,
  "mismatch_count": 0,
  "computed_combined_digest": "9ac26ede2c9b8e3f45910a1e8207c10ec418999106571061211fc339ad84c926",
  "expected_combined_digest": "9ac26ede2c9b8e3f45910a1e8207c10ec418999106571061211fc339ad84c926",
  "combined_match": true,
  "file_results": [
    {
      "path": ".gitignore",
      "expected": "a12f3e331d35267be67463837828f80d29a3f0a98f24be7bd2db763d72f686e5",
      "actual": "a12f3e331d35267be67463837828f80d29a3f0a98f24be7bd2db763d72f686e5",
      "match": true
    },
    {
      "path": "BENCHMARK.md",
      "expected": "b5aba20d3dfa217cf4b2578628a39b4b10e56f52c71186d7310a9665f1036a24",
      "actual": "b5aba20d3dfa217cf4b2578628a39b4b10e56f52c71186d7310a9665f1036a24",
      "match": true
    },
    {
      "path": "contracts/AsterVault.sol",
      "expected": "e9b8687fd0674bbcda530ad65e560e46b4b30ee6b1b9c66258f47abe412f4c7a",
      "actual": "e9b8687fd0674bbcda530ad65e560e46b4b30ee6b1b9c66258f47abe412f4c7a",
      "match": true
    },
    {
      "path": "contracts/BridgeGateway.sol",
      "expected": "06af0ed8275a32c4b9591770370679680372dc145f421f4fc8a9d595444e0dc2",
      "actual": "06af0ed8275a32c4b9591770370679680372dc145f421f4fc8a9d595444e0dc2",
      "match": true
    },
    {
      "path": "contracts/LendingMarket.sol",
      "expected": "98baccf467b5e4fd8df7b12ff9ad031ccb4f2b778365d5d57f55d7b64bb4b392",
      "actual": "98baccf467b5e4fd8df7b12ff9ad031ccb4f2b778365d5d57f55d7b64bb4b392",
      "match": true
    },
    {
      "path": "contracts/PermitRouter.sol",
      "expected": "66dcbd8924532c0e8e9bae789ffdb83656ffe842c869e1cc5d6da585cb1bc245",
      "actual": "66dcbd8924532c0e8e9bae789ffdb83656ffe842c869e1cc5d6da585cb1bc245",
      "match": true
    },
    {
      "path": "contracts/ReserveOracle.sol",
      "expected": "312415c68abc2f82fe8d5d4aa3aceb46424b470fe5e282f0bd4e5d26c4d54597",
      "actual": "312415c68abc2f82fe8d5d4aa3aceb46424b470fe5e282f0bd4e5d26c4d54597",
      "match": true
    },
    {
      "path": "contracts/ReservePool.sol",
      "expected": "c66e7662bcc1517bf69d1d6c073ea4c00cb1286386955e780c0246b187d86089",
      "actual": "c66e7662bcc1517bf69d1d6c073ea4c00cb1286386955e780c0246b187d86089",
      "match": true
    },
    {
      "path": "contracts/RewardsDistributor.sol",
      "expected": "8b8646ec670523e2429bad2f8a3ae01f45d6dc1f80a7289106da7c2cfdc8dc58",
      "actual": "8b8646ec670523e2429bad2f8a3ae01f45d6dc1f80a7289106da7c2cfdc8dc58",
      "match": true
    },
    {
      "path": "contracts/StrategyModule.sol",
      "expected": "c85b5b7c234f2c8169db57329a4c31967c6ffdc99039d28229b5ee9036fe0f62",
      "actual": "c85b5b7c234f2c8169db57329a4c31967c6ffdc99039d28229b5ee9036fe0f62",
      "match": true
    },
    {
      "path": "contracts/interfaces/ProtocolInterfaces.sol",
      "expected": "023054bc4a182254b65733d948f6013ac376ec13a93c95c474fb0a990d25843d",
      "actual": "023054bc4a182254b65733d948f6013ac376ec13a93c95c474fb0a990d25843d",
      "match": true
    },
    {
      "path": "contracts/lib/SignatureCodec.sol",
      "expected": "d06355424b31d3c1bd0ec0a0e066a4df62679be2a41f51a542a361d49724b7f8",
      "actual": "d06355424b31d3c1bd0ec0a0e066a4df62679be2a41f51a542a361d49724b7f8",
      "match": true
    },
    {
      "path": "contracts/lib/TokenMath.sol",
      "expected": "0ced43b428c4dd57b59dc4746836a50e8270f38afed64a41f8a346e7ae49d0af",
      "actual": "0ced43b428c4dd57b59dc4746836a50e8270f38afed64a41f8a346e7ae49d0af",
      "match": true
    },
    {
      "path": "contracts/mocks/MockFeed.sol",
      "expected": "8d8a424347584cd95e0c5c035a6f234e0a3823538d5b2c48f8ef975e3b1063ba",
      "actual": "8d8a424347584cd95e0c5c035a6f234e0a3823538d5b2c48f8ef975e3b1063ba",
      "match": true
    },
    {
      "path": "contracts/mocks/MockMessaging.sol",
      "expected": "167b34249b4f869338eae400495954a2b8499dca2517b80be33f0f87be68ea0f",
      "actual": "167b34249b4f869338eae400495954a2b8499dca2517b80be33f0f87be68ea0f",
      "match": true
    },
    {
      "path": "contracts/mocks/MockTokens.sol",
      "expected": "72dacfab84495cebccbe93e09fe19693807943ae5536b50ec72b15b2e3ff7c6c",
      "actual": "72dacfab84495cebccbe93e09fe19693807943ae5536b50ec72b15b2e3ff7c6c",
      "match": true
    },
    {
      "path": "package-lock.json",
      "expected": "447b620ab0c17e0dbf2da1e0b7c25ccb768bc7e011b1512f297733042d477933",
      "actual": "447b620ab0c17e0dbf2da1e0b7c25ccb768bc7e011b1512f297733042d477933",
      "match": true
    },
    {
      "path": "package.json",
      "expected": "d48f0f6d1e974d374890ec1ae66255448a271e328e1c2917fea8a5b9861230e3",
      "actual": "d48f0f6d1e974d374890ec1ae66255448a271e328e1c2917fea8a5b9861230e3",
      "match": true
    },
    {
      "path": "scripts/compile.mjs",
      "expected": "daab288e9d6cde8a0c097f16943ec36410caa4fd7b4783d5bdb3057cdceac002",
      "actual": "daab288e9d6cde8a0c097f16943ec36410caa4fd7b4783d5bdb3057cdceac002",
      "match": true
    },
    {
      "path": "scripts/compiler.mjs",
      "expected": "faa7339b2b7eb8e2009c756461f6dd1a5694a5cd085dd3580c2226b83d909c3a",
      "actual": "faa7339b2b7eb8e2009c756461f6dd1a5694a5cd085dd3580c2226b83d909c3a",
      "match": true
    },
    {
      "path": "test/support.mjs",
      "expected": "ec3d6f4a715b0289cb7ee80f0247b794c7c57296efdc8b2eaea1bffd08733be4",
      "actual": "ec3d6f4a715b0289cb7ee80f0247b794c7c57296efdc8b2eaea1bffd08733be4",
      "match": true
    },
    {
      "path": "test/system.test.mjs",
      "expected": "8a0e2a77c4acd95e7e62bb3eefef38ce2bafacf8a7ce560afdcba24fa63f43f6",
      "actual": "8a0e2a77c4acd95e7e62bb3eefef38ce2bafacf8a7ce560afdcba24fa63f43f6",
      "match": true
    }
  ]
}

