This version of µWS is not compatible with your Node.js build:

Error: Cannot find module '../binaries/uws_linux_x64_137.node'
Require stack:
- /tmp/aim-blind-consensus-2818814.cYZ6E8/target/node_modules/ganache/node_modules/@trufflesuite/uws-js-unofficial/src/uws.js
- /tmp/aim-blind-consensus-2818814.cYZ6E8/target/node_modules/ganache/dist/node/core.js
Falling back to a NodeJS implementation; performance may be degraded.


{"check":"C-004-four-encodings","distinctRawSignatures":4,"authorizedAmount":"20000000000000000000","paid":"80000000000000000000"}
✔ C-004 impact boundary: four raw encodings replay one authorization (2829.411181ms)
{"check":"C-005-execute-role","preSeizureExecuteRejected":true,"postSeizureExecuteSucceeded":true,"moduleBalance":"0","attackerBalance":"10000000000000000000"}
✔ C-005 severity boundary: role overwrite enables arbitrary execute (248.821355ms)
{"check":"C-006-static-solvency","collateralValue":"1000000000000000000000","debt":"949000000000000000000","immediateShortfall":"0","adverseMoveToShortfallBpsApprox":"510"}
✔ C-006 severity boundary: raised factor preserves positive spot equity (622.985215ms)
{"check":"C-010-second-approval","replayWithoutSecondApprovalRejected":true,"replayAfterSecondApprovalSucceeded":true,"received":"50000000000000000000"}
✔ C-010 severity boundary: second router approval is required (371.810122ms)
ℹ tests 4
ℹ suites 0
ℹ pass 4
ℹ fail 0
ℹ cancelled 0
ℹ skipped 0
ℹ todo 0
ℹ duration_ms 4804.210298

