consensus-output/REPORT.md
consensus-output/checks/material-disagreements.test.mjs
consensus-output/consensus.json
consensus-output/input-hashes.sha256
consensus-output/logs/agreement-sample-C-001.log
consensus-output/logs/agreement-sample-C-007.log
consensus-output/logs/agreement-sample-C-008.log
consensus-output/logs/agreement-sample-C-011.log
consensus-output/logs/disagreement-C-005.log
consensus-output/logs/disagreement-C-006.log
consensus-output/logs/disagreement-C-010.log
consensus-output/logs/final-input-hashes.log
consensus-output/logs/final-package-aggregates.log
consensus-output/logs/fixed-input-hash-verification.log
consensus-output/logs/impact-label-C-009.log
consensus-output/logs/input-hashes-check.log
consensus-output/logs/json-validation.log
consensus-output/logs/manifest-post.log
consensus-output/logs/manifest-pre.log
consensus-output/logs/material-disagreement-boundaries.log
consensus-output/logs/ordinary-suite.log
consensus-output/logs/output-inventory.log
consensus-output/logs/package-layout-attempt-a.log
consensus-output/logs/package-layout-attempt-b.log

