node:internal/modules/esm/resolve:275
    throw new ERR_MODULE_NOT_FOUND(
          ^

Error [ERR_MODULE_NOT_FOUND]: Cannot find module '/tmp/aim-blind-consensus-2818814.cYZ6E8/reviews/target/test/support.mjs' imported from /tmp/aim-blind-consensus-2818814.cYZ6E8/reviews/b/checks/reviewer_b_independent.test.mjs
    at finalizeResolution (node:internal/modules/esm/resolve:275:11)
    at moduleResolve (node:internal/modules/esm/resolve:865:10)
    at defaultResolve (node:internal/modules/esm/resolve:991:11)
    at #cachedDefaultResolve (node:internal/modules/esm/loader:719:20)
    at #resolveAndMaybeBlockOnLoaderThread (node:internal/modules/esm/loader:736:38)
    at ModuleLoader.resolveSync (node:internal/modules/esm/loader:765:52)
    at #resolve (node:internal/modules/esm/loader:701:17)
    at ModuleLoader.getOrCreateModuleJob (node:internal/modules/esm/loader:621:35)
    at ModuleJob.syncLink (node:internal/modules/esm/module_job:160:33)
    at ModuleJob.link (node:internal/modules/esm/module_job:245:17) {
  code: 'ERR_MODULE_NOT_FOUND',
  url: 'file:///tmp/aim-blind-consensus-2818814.cYZ6E8/reviews/target/test/support.mjs'
}

Node.js v24.14.0
✖ reviews/b/checks/reviewer_b_independent.test.mjs (58.750324ms)
ℹ tests 1
ℹ suites 0
ℹ pass 0
ℹ fail 1
ℹ cancelled 0
ℹ skipped 0
ℹ todo 0
ℹ duration_ms 65.699387

✖ failing tests:

test at reviews/b/checks/reviewer_b_independent.test.mjs:1:1
✖ reviews/b/checks/reviewer_b_independent.test.mjs (58.750324ms)
  'test failed'

