utc_start=2026-08-04T13:05:53Z
command=bash run/evidence/C-001/reproduce.sh
purpose=independent clean-process reproduction
This version of µWS is not compatible with your Node.js build:

Error: Cannot find module '../binaries/uws_linux_x64_137.node'
Require stack:
- /tmp/aim-blind-hunt-75d19f5c.XA7jKe/target/node_modules/ganache/node_modules/@trufflesuite/uws-js-unofficial/src/uws.js
- /tmp/aim-blind-hunt-75d19f5c.XA7jKe/target/node_modules/ganache/dist/node/core.js
Falling back to a NodeJS implementation; performance may be degraded.


{"oracle":"C-001-positive","limitBefore":"750000000000000000000","debtAfter":"1500000000000000000000","attackerStable":"1500000000000000000000"}
✔ positive: nested borrow observes stale debt and extracts twice the limit (3554.247074ms)
{"oracle":"C-001-negative","limitBefore":"750000000000000000000","debtAfter":"750000000000000000000","attackerStable":"750000000000000000000"}
✔ negative: removing callback data finalizes one debt increment within the limit (701.254922ms)
ℹ tests 2
ℹ suites 0
ℹ pass 2
ℹ fail 0
ℹ cancelled 0
ℹ skipped 0
ℹ todo 0
ℹ duration_ms 4979.266997
exit=0
utc_end=2026-08-04T13:05:58Z
