utc_start=2026-08-04T13:10:07Z
command=bash run/evidence/C-006/reproduce.sh
purpose=discovery
This version of µWS is not compatible with your Node.js build:

Error: Cannot find module '../binaries/uws_linux_x64_137.node'
Require stack:
- /tmp/aim-blind-hunt-75d19f5c.XA7jKe/target/node_modules/ganache/node_modules/@trufflesuite/uws-js-unofficial/src/uws.js
- /tmp/aim-blind-hunt-75d19f5c.XA7jKe/target/node_modules/ganache/dist/node/core.js
Falling back to a NodeJS implementation; performance may be degraded.


✖ positive: ordinary borrower raises global collateral factor and extracts above configured limit (3043.686979ms)
{"oracle":"C-006-negative","unauthorizedDecreaseRejected":true,"factorAfter":"7500"}
✔ negative: the same ordinary caller is rejected when lowering the parameter (474.628466ms)
ℹ tests 2
ℹ suites 0
ℹ pass 1
ℹ fail 1
ℹ cancelled 0
ℹ skipped 0
ℹ todo 0
ℹ duration_ms 4235.669658

✖ failing tests:

test at run/evidence/C-006/repro.test.mjs:33:1
✖ positive: ordinary borrower raises global collateral factor and extracts above configured limit (3043.686979ms)
  Error: missing revert data (action="estimateGas", data=null, reason=null, transaction={ "data": "0xdcf8738d0000000000000000000000000000000000000000000000337fe5feaf2d180000000000000000000000000000ffcf8fdee72ac11b5c542428b35eef5769c409f000000000000000000000000000000000000000000000000000000000000000600000000000000000000000000000000000000000000000000000000000000000", "from": "0xFFcf8FDEE72ac11b5c542428B35EEF5769C409f0", "to": "0x9561C133DD8580860B6b7E504bC5Aa500f0f06a7" }, invocation=null, revert=null, code=CALL_EXCEPTION, version=6.15.0)
      at makeError (file:///tmp/aim-blind-hunt-75d19f5c.XA7jKe/target/node_modules/ethers/lib.esm/utils/errors.js:132:21)
      at getBuiltinCallException (file:///tmp/aim-blind-hunt-75d19f5c.XA7jKe/target/node_modules/ethers/lib.esm/abi/abi-coder.js:102:12)
      at AbiCoder.getBuiltinCallException (file:///tmp/aim-blind-hunt-75d19f5c.XA7jKe/target/node_modules/ethers/lib.esm/abi/abi-coder.js:203:16)
      at BrowserProvider.getRpcError (file:///tmp/aim-blind-hunt-75d19f5c.XA7jKe/target/node_modules/ethers/lib.esm/providers/provider-jsonrpc.js:691:32)
      at BrowserProvider.getRpcError (file:///tmp/aim-blind-hunt-75d19f5c.XA7jKe/target/node_modules/ethers/lib.esm/providers/provider-browser.js:75:22)
      at file:///tmp/aim-blind-hunt-75d19f5c.XA7jKe/target/node_modules/ethers/lib.esm/providers/provider-jsonrpc.js:298:45 {
    code: 'CALL_EXCEPTION',
    action: 'estimateGas',
    data: null,
    reason: null,
    transaction: { to: '0x9561C133DD8580860B6b7E504bC5Aa500f0f06a7', data: '0xdcf8738d0000000000000000000000000000000000000000000000337fe5feaf2d180000000000000000000000000000ffcf8fdee72ac11b5c542428b35eef5769c409f000000000000000000000000000000000000000000000000000000000000000600000000000000000000000000000000000000000000000000000000000000000', from: '0xFFcf8FDEE72ac11b5c542428B35EEF5769C409f0' },
    invocation: null,
    revert: null,
    shortMessage: 'missing revert data',
    info: { error: { code: -32000, data: [Object], message: 'VM Exception while processing transaction: revert HEALTH' }, payload: { method: 'eth_estimateGas', params: [Array], id: 107, jsonrpc: '2.0' } }
  }
exit=1
utc_end=2026-08-04T13:10:12Z
