utc_start=2026-08-04T13:09:26Z
command=bash run/evidence/C-005/reproduce.sh
purpose=independent-clean-process-reproduction
This version of µWS is not compatible with your Node.js build:

Error: Cannot find module '../binaries/uws_linux_x64_137.node'
Require stack:
- /tmp/aim-blind-hunt-75d19f5c.XA7jKe/target/node_modules/ganache/node_modules/@trufflesuite/uws-js-unofficial/src/uws.js
- /tmp/aim-blind-hunt-75d19f5c.XA7jKe/target/node_modules/ganache/dist/node/core.js
Falling back to a NodeJS implementation; performance may be degraded.


{"oracle":"C-005-positive","originalVault":"0x90F8bf6A479f320ead074411a4B0e7944Ea8c9C1","originalOperator":"0xFFcf8FDEE72ac11b5c542428B35EEF5769C409f0","newVault":"0x22d491Bde2303f2f43325b2108D26f1eAbA1e32b","newOperator":"0x22d491Bde2303f2f43325b2108D26f1eAbA1e32b","attackerToken":"10000000000000000000"}
✔ positive: arbitrary caller reinitializes roles and sweeps module funds (2687.568662ms)
{"oracle":"C-005-negative","directSweepRejected":true,"moduleToken":"10000000000000000000","attackerToken":"0"}
✔ negative: without reinitialization the same untrusted caller cannot sweep (226.443744ms)
ℹ tests 2
ℹ suites 0
ℹ pass 2
ℹ fail 0
ℹ cancelled 0
ℹ skipped 0
ℹ todo 0
ℹ duration_ms 3599.773211
exit=0
utc_end=2026-08-04T13:09:30Z
