utc_start=2026-08-04T13:05:40Z
command=bash run/evidence/C-001/reproduce.sh
node=v24.14.0 solc=0.8.30 optimizer=200 evm=paris ganache=7.9.2 chain=31337
This version of µWS is not compatible with your Node.js build:

Error: Cannot find module '../binaries/uws_linux_x64_137.node'
Require stack:
- /tmp/aim-blind-hunt-75d19f5c.XA7jKe/target/node_modules/ganache/node_modules/@trufflesuite/uws-js-unofficial/src/uws.js
- /tmp/aim-blind-hunt-75d19f5c.XA7jKe/target/node_modules/ganache/dist/node/core.js
Falling back to a NodeJS implementation; performance may be degraded.


{"oracle":"C-001-positive","limitBefore":"750000000000000000000","debtAfter":"1500000000000000000000","attackerStable":"1500000000000000000000"}
✔ positive: nested borrow observes stale debt and extracts twice the limit (3423.917332ms)
{"oracle":"C-001-negative","limitBefore":"750000000000000000000","debtAfter":"750000000000000000000","attackerStable":"750000000000000000000"}
✔ negative: removing callback data finalizes one debt increment within the limit (638.299899ms)
ℹ tests 2
ℹ suites 0
ℹ pass 2
ℹ fail 0
ℹ cancelled 0
ℹ skipped 0
ℹ todo 0
ℹ duration_ms 4807.39605
exit=0
utc_end=2026-08-04T13:05:45Z
