## ordinary compile and test suite
command: npm run check
started_at: 2026-08-04T16:49:59.771Z
ended_at: 2026-08-04T16:50:11.481Z
duration_ms: 11710
exit_code: 0

### stdout

> aster-credit-benchmark@1.0.0 check
> npm run compile && npm test


> aster-credit-benchmark@1.0.0 compile
> node scripts/compile.mjs

Compiled 21 contracts with solc 0.8.30.

> aster-credit-benchmark@1.0.0 test
> node --test --test-concurrency=1 test/**/*.test.mjs

This version of µWS is not compatible with your Node.js build:

Error: Cannot find module '../binaries/uws_linux_x64_137.node'
Require stack:
- /workspace/scratch/c3ce389a9ee1/Aim-for-the-head/benchmarks/solidity-blind-audit/node_modules/ganache/node_modules/@trufflesuite/uws-js-unofficial/src/uws.js
- /workspace/scratch/c3ce389a9ee1/Aim-for-the-head/benchmarks/solidity-blind-audit/node_modules/ganache/dist/node/core.js
Falling back to a NodeJS implementation; performance may be degraded.


▶ Aster Credit
  ✔ vault deposits and redemptions preserve proportional ownership (1272.614663ms)
  ✔ collateral supports borrowing and repayment (1094.926938ms)
  ✔ oracle reports normalized primary prices (611.987451ms)
  ✔ signed transfers advance their owner nonce (871.179447ms)
  ✔ bridge messages credit remote collateral (924.621055ms)
  ✔ reward claims and strategy operations complete (873.659754ms)
✔ Aster Credit (7867.586992ms)
ℹ tests 6
ℹ suites 1
ℹ pass 6
ℹ fail 0
ℹ cancelled 0
ℹ skipped 0
ℹ todo 0
ℹ duration_ms 8621.929674

### stderr
npm warn Unknown env config "http-proxy". This will stop working in the next major version of npm.
npm warn Unknown env config "http-proxy". This will stop working in the next major version of npm.
npm warn Unknown env config "http-proxy". This will stop working in the next major version of npm.
